Component: ARM Compiler 5.06 update 6 (build 750) Tool: armlink [4d35ed]

==============================================================================

Section Cross References

    startup_stm32f103xb.o(RESET) refers to startup_stm32f103xb.o(STACK) for __initial_sp
    startup_stm32f103xb.o(RESET) refers to startup_stm32f103xb.o(.text) for Reset_Handler
    startup_stm32f103xb.o(RESET) refers to stm32f1xx_it.o(i.NMI_Handler) for NMI_Handler
    startup_stm32f103xb.o(RESET) refers to stm32f1xx_it.o(i.HardFault_Handler) for HardFault_Handler
    startup_stm32f103xb.o(RESET) refers to stm32f1xx_it.o(i.MemManage_Handler) for MemManage_Handler
    startup_stm32f103xb.o(RESET) refers to stm32f1xx_it.o(i.BusFault_Handler) for BusFault_Handler
    startup_stm32f103xb.o(RESET) refers to stm32f1xx_it.o(i.UsageFault_Handler) for UsageFault_Handler
    startup_stm32f103xb.o(RESET) refers to stm32f1xx_it.o(i.SVC_Handler) for SVC_Handler
    startup_stm32f103xb.o(RESET) refers to stm32f1xx_it.o(i.DebugMon_Handler) for DebugMon_Handler
    startup_stm32f103xb.o(RESET) refers to stm32f1xx_it.o(i.PendSV_Handler) for PendSV_Handler
    startup_stm32f103xb.o(RESET) refers to stm32f1xx_it.o(i.SysTick_Handler) for SysTick_Handler
    startup_stm32f103xb.o(RESET) refers to stm32f1xx_it.o(i.USB_LP_CAN1_RX0_IRQHandler) for USB_LP_CAN1_RX0_IRQHandler
    startup_stm32f103xb.o(.text) refers to system_stm32f1xx.o(i.SystemInit) for SystemInit
    startup_stm32f103xb.o(.text) refers to entry.o(.ARM.Collect$$$$00000000) for __main
    main.o(i.SystemClock_Config) refers to memseta.o(.text) for __aeabi_memclr4
    main.o(i.SystemClock_Config) refers to stm32f1xx_hal_rcc.o(i.HAL_RCC_OscConfig) for HAL_RCC_OscConfig
    main.o(i.SystemClock_Config) refers to stm32f1xx_hal_rcc.o(i.HAL_RCC_ClockConfig) for HAL_RCC_ClockConfig
    main.o(i.SystemClock_Config) refers to stm32f1xx_hal_rcc_ex.o(i.HAL_RCCEx_PeriphCLKConfig) for HAL_RCCEx_PeriphCLKConfig
    main.o(i.main) refers to stm32f1xx_hal.o(i.HAL_Init) for HAL_Init
    main.o(i.main) refers to main.o(i.SystemClock_Config) for SystemClock_Config
    main.o(i.main) refers to gpio.o(i.MX_GPIO_Init) for MX_GPIO_Init
    main.o(i.main) refers to tim.o(i.MX_TIM2_Init) for MX_TIM2_Init
    main.o(i.main) refers to tim.o(i.MX_TIM3_Init) for MX_TIM3_Init
    main.o(i.main) refers to usb_device.o(i.MX_USB_DEVICE_Init) for MX_USB_DEVICE_Init
    main.o(i.main) refers to usart.o(i.MX_USART1_UART_Init) for MX_USART1_UART_Init
    main.o(i.main) refers to bsp_ps2.o(i.PS2_SetInit) for PS2_SetInit
    main.o(i.main) refers to stm32f1xx_hal_tim.o(i.HAL_TIM_PWM_Start) for HAL_TIM_PWM_Start
    main.o(i.main) refers to bsp_motor.o(i.chassis_remote_control) for chassis_remote_control
    main.o(i.main) refers to stm32f1xx_hal.o(i.HAL_Delay) for HAL_Delay
    main.o(i.main) refers to tim.o(.bss) for htim3
    gpio.o(i.MX_GPIO_Init) refers to stm32f1xx_hal_gpio.o(i.HAL_GPIO_WritePin) for HAL_GPIO_WritePin
    gpio.o(i.MX_GPIO_Init) refers to stm32f1xx_hal_gpio.o(i.HAL_GPIO_Init) for HAL_GPIO_Init
    tim.o(i.HAL_TIM_MspPostInit) refers to stm32f1xx_hal_gpio.o(i.HAL_GPIO_Init) for HAL_GPIO_Init
    tim.o(i.MX_TIM2_Init) refers to memseta.o(.text) for __aeabi_memclr4
    tim.o(i.MX_TIM2_Init) refers to stm32f1xx_hal_tim.o(i.HAL_TIM_PWM_Init) for HAL_TIM_PWM_Init
    tim.o(i.MX_TIM2_Init) refers to main.o(i.Error_Handler) for Error_Handler
    tim.o(i.MX_TIM2_Init) refers to stm32f1xx_hal_tim_ex.o(i.HAL_TIMEx_MasterConfigSynchronization) for HAL_TIMEx_MasterConfigSynchronization
    tim.o(i.MX_TIM2_Init) refers to stm32f1xx_hal_tim.o(i.HAL_TIM_PWM_ConfigChannel) for HAL_TIM_PWM_ConfigChannel
    tim.o(i.MX_TIM2_Init) refers to tim.o(i.HAL_TIM_MspPostInit) for HAL_TIM_MspPostInit
    tim.o(i.MX_TIM2_Init) refers to tim.o(.bss) for .bss
    tim.o(i.MX_TIM3_Init) refers to memseta.o(.text) for __aeabi_memclr4
    tim.o(i.MX_TIM3_Init) refers to stm32f1xx_hal_tim.o(i.HAL_TIM_PWM_Init) for HAL_TIM_PWM_Init
    tim.o(i.MX_TIM3_Init) refers to main.o(i.Error_Handler) for Error_Handler
    tim.o(i.MX_TIM3_Init) refers to stm32f1xx_hal_tim_ex.o(i.HAL_TIMEx_MasterConfigSynchronization) for HAL_TIMEx_MasterConfigSynchronization
    tim.o(i.MX_TIM3_Init) refers to stm32f1xx_hal_tim.o(i.HAL_TIM_PWM_ConfigChannel) for HAL_TIM_PWM_ConfigChannel
    tim.o(i.MX_TIM3_Init) refers to tim.o(i.HAL_TIM_MspPostInit) for HAL_TIM_MspPostInit
    tim.o(i.MX_TIM3_Init) refers to tim.o(.bss) for .bss
    usart.o(i.HAL_UART_MspDeInit) refers to stm32f1xx_hal_gpio.o(i.HAL_GPIO_DeInit) for HAL_GPIO_DeInit
    usart.o(i.HAL_UART_MspInit) refers to stm32f1xx_hal_gpio.o(i.HAL_GPIO_Init) for HAL_GPIO_Init
    usart.o(i.MX_USART1_UART_Init) refers to stm32f1xx_hal_uart.o(i.HAL_UART_Init) for HAL_UART_Init
    usart.o(i.MX_USART1_UART_Init) refers to main.o(i.Error_Handler) for Error_Handler
    usart.o(i.MX_USART1_UART_Init) refers to usart.o(.bss) for .bss
[...]
    .ARM.Collect$$$$0000000F                 0x080000fc   Section        0  entry11a.o(.ARM.Collect$$$$0000000F)
    .ARM.Collect$$$$00002712                 0x080000fc   Section        4  entry2.o(.ARM.Collect$$$$00002712)
    __lit__00000000                          0x080000fc   Data           4  entry2.o(.ARM.Collect$$$$00002712)
    .text                                    0x08000100   Section       36  startup_stm32f103xb.o(.text)
    .text                                    0x08000124   Section        0  memcpya.o(.text)
    .text                                    0x08000148   Section        0  memseta.o(.text)
    .text                                    0x0800016c   Section        0  fadd.o(.text)
    .text                                    0x0800021c   Section        0  fmul.o(.text)
    .text                                    0x08000280   Section        0  fdiv.o(.text)
    .text                                    0x080002fc   Section        0  ffltui.o(.text)
    .text                                    0x08000306   Section        0  ffixi.o(.text)
    .text                                    0x08000338   Section        0  uidiv.o(.text)
    .text                                    0x08000364   Section        0  iusefp.o(.text)
    .text                                    0x08000364   Section        0  fepilogue.o(.text)
    .text                                    0x080003d4   Section       36  init.o(.text)
    .text                                    0x080003f8   Section        0  __dczerorl2.o(.text)
    i.BusFault_Handler                       0x0800044e   Section        0  stm32f1xx_it.o(i.BusFault_Handler)
    i.CDC_Control_FS                         0x08000450   Section        0  usbd_cdc_if.o(i.CDC_Control_FS)
    CDC_Control_FS                           0x08000451   Thumb Code     4  usbd_cdc_if.o(i.CDC_Control_FS)
    i.CDC_DeInit_FS                          0x08000454   Section        0  usbd_cdc_if.o(i.CDC_DeInit_FS)
    CDC_DeInit_FS                            0x08000455   Thumb Code     4  usbd_cdc_if.o(i.CDC_DeInit_FS)
    i.CDC_Init_FS                            0x08000458   Section        0  usbd_cdc_if.o(i.CDC_Init_FS)
    CDC_Init_FS                              0x08000459   Thumb Code    24  usbd_cdc_if.o(i.CDC_Init_FS)
    i.CDC_Receive_FS                         0x0800047c   Section        0  usbd_cdc_if.o(i.CDC_Receive_FS)
    CDC_Receive_FS                           0x0800047d   Thumb Code    20  usbd_cdc_if.o(i.CDC_Receive_FS)
    i.DebugMon_Handler                       0x08000494   Section        0  stm32f1xx_it.o(i.DebugMon_Handler)
    i.Error_Handler                          0x08000496   Section        0  main.o(i.Error_Handler)
    i.HAL_Delay                              0x08000498   Section        0  stm32f1xx_hal.o(i.HAL_Delay)
    i.HAL_GPIO_Init                          0x080004bc   Section        0  stm32f1xx_hal_gpio.o(i.HAL_GPIO_Init)
    i.HAL_GPIO_ReadPin                       0x0800069c   Section        0  stm32f1xx_hal_gpio.o(i.HAL_GPIO_ReadPin)
    i.HAL_GPIO_WritePin                      0x080006a6   Section        0  stm32f1xx_hal_gpio.o(i.HAL_GPIO_WritePin)
    i.HAL_GetTick                            0x080006b0   Section        0  stm32f1xx_hal.o(i.HAL_GetTick)
    i.HAL_IncTick                            0x080006bc   Section        0  stm32f1xx_hal.o(i.HAL_IncTick)
    i.HAL_Init                               0x080006cc   Section        0  stm32f1xx_hal.o(i.HAL_Init)
    i.HAL_InitTick                           0x080006f0   Section        0  stm32f1xx_hal.o(i.HAL_InitTick)
    i.HAL_MspInit                            0x08000730   Section        0  stm32f1xx_hal_msp.o(i.HAL_MspInit)
    i.HAL_NVIC_EnableIRQ                     0x0800076c   Section        0  stm32f1xx_hal_cortex.o(i.HAL_NVIC_EnableIRQ)
    i.HAL_NVIC_SetPriority                   0x08000788   Section        0  stm32f1xx_hal_cortex.o(i.HAL_NVIC_SetPriority)
    i.HAL_NVIC_SetPriorityGrouping           0x080007c8   Section        0  stm32f1xx_hal_cortex.o(i.HAL_NVIC_SetPriorityGrouping)
    i.HAL_PCDEx_PMAConfig                    0x080007ec   Section        0  stm32f1xx_hal_pcd_ex.o(i.HAL_PCDEx_PMAConfig)
    i.HAL_PCDEx_SetConnectionState           0x08000828   Section        0  usbd_conf.o(i.HAL_PCDEx_SetConnectionState)
    i.HAL_PCD_DataInStageCallback            0x0800082a   Section        0  usbd_conf.o(i.HAL_PCD_DataInStageCallback)
    i.HAL_PCD_DataOutStageCallback           0x0800083c   Section        0  usbd_conf.o(i.HAL_PCD_DataOutStageCallback)
    i.HAL_PCD_EP_Close                       0x08000850   Section        0  stm32f1xx_hal_pcd.o(i.HAL_PCD_EP_Close)
    i.HAL_PCD_EP_ClrStall                    0x0800089c   Section        0  stm32f1xx_hal_pcd.o(i.HAL_PCD_EP_ClrStall)
    i.HAL_PCD_EP_DB_Receive                  0x080008f8   Section        0  stm32f1xx_hal_pcd.o(i.HAL_PCD_EP_DB_Receive)
    HAL_PCD_EP_DB_Receive                    0x080008f9   Thumb Code   230  stm32f1xx_hal_pcd.o(i.HAL_PCD_EP_DB_Receive)
    i.HAL_PCD_EP_DB_Transmit                 0x080009de   Section        0  stm32f1xx_hal_pcd.o(i.HAL_PCD_EP_DB_Transmit)
    HAL_PCD_EP_DB_Transmit                   0x080009df   Thumb Code   544  stm32f1xx_hal_pcd.o(i.HAL_PCD_EP_DB_Transmit)
    i.HAL_PCD_EP_GetRxCount                  0x08000bfe   Section        0  stm32f1xx_hal_pcd.o(i.HAL_PCD_EP_GetRxCount)
    i.HAL_PCD_EP_Open                        0x08000c10   Section        0  stm32f1xx_hal_pcd.o(i.HAL_PCD_EP_Open)
    i.HAL_PCD_EP_Receive                     0x08000c70   Section        0  stm32f1xx_hal_pcd.o(i.HAL_PCD_EP_Receive)
    i.HAL_PCD_EP_SetStall                    0x08000ca2   Section        0  stm32f1xx_hal_pcd.o(i.HAL_PCD_EP_SetStall)
    i.HAL_PCD_EP_Transmit                    0x08000d14   Section        0  stm32f1xx_hal_pcd.o(i.HAL_PCD_EP_Transmit)
    i.HAL_PCD_IRQHandler                     0x08000d48   Section        0  stm32f1xx_hal_pcd.o(i.HAL_PCD_IRQHandler)
    i.HAL_PCD_Init                           0x08000e9c   Section        0  stm32f1xx_hal_pcd.o(i.HAL_PCD_Init)
    i.HAL_PCD_MspInit                        0x08000f78   Section        0  usbd_conf.o(i.HAL_PCD_MspInit)
    i.HAL_PCD_ResetCallback                  0x08000fb4   Section        0  usbd_conf.o(i.HAL_PCD_ResetCallback)
    i.HAL_PCD_ResumeCallback                 0x08000fda   Section        0  usbd_conf.o(i.HAL_PCD_ResumeCallback)
    i.HAL_PCD_SOFCallback                    0x08000fe2   Section        0  usbd_conf.o(i.HAL_PCD_SOFCallback)
    i.HAL_PCD_SetAddress                     0x08000fea   Section        0  stm32f1xx_hal_pcd.o(i.HAL_PCD_SetAddress)
    i.HAL_PCD_SetupStageCallback             0x08001012   Section        0  usbd_conf.o(i.HAL_PCD_SetupStageCallback)
    i.HAL_PCD_Start                          0x08001020   Section        0  stm32f1xx_hal_pcd.o(i.HAL_PCD_Start)
    i.HAL_PCD_SuspendCallback                0x08001054   Section        0  usbd_conf.o(i.HAL_PCD_SuspendCallback)
    i.HAL_RCCEx_PeriphCLKConfig              0x08001078   Section        0  stm32f1xx_hal_rcc_ex.o(i.HAL_RCCEx_PeriphCLKConfig)
    i.HAL_RCC_ClockConfig                    0x08001164   Section        0  stm32f1xx_hal_rcc.o(i.HAL_RCC_ClockConfig)
    i.HAL_RCC_GetPCLK1Freq                   0x08001290   Section        0  stm32f1xx_hal_rcc.o(i.HAL_RCC_GetPCLK1Freq)
    i.HAL_RCC_GetPCLK2Freq                   0x080012b0   Section        0  stm32f1xx_hal_rcc.o(i.HAL_RCC_GetPCLK2Freq)
    i.HAL_RCC_GetSysClockFreq                0x080012d0   Section        0  stm32f1xx_hal_rcc.o(i.HAL_RCC_GetSysClockFreq)
    i.HAL_RCC_OscConfig                      0x0800133c   Section        0  stm32f1xx_hal_rcc.o(i.HAL_RCC_OscConfig)
    i.HAL_SYSTICK_Config                     0x0800165c   Section        0  stm32f1xx_hal_cortex.o(i.HAL_SYSTICK_Config)
    i.HAL_TIMEx_MasterConfigSynchronization  0x08001684   Section        0  stm32f1xx_hal_tim_ex.o(i.HAL_TIMEx_MasterConfigSynchronization)
    i.HAL_TIM_MspPostInit                    0x080016ec   Section        0  tim.o(i.HAL_TIM_MspPostInit)
    i.HAL_TIM_PWM_ConfigChannel              0x0800177c   Section        0  stm32f1xx_hal_tim.o(i.HAL_TIM_PWM_ConfigChannel)
    i.HAL_TIM_PWM_Init                       0x08001842   Section        0  stm32f1xx_hal_tim.o(i.HAL_TIM_PWM_Init)
    i.HAL_TIM_PWM_MspInit                    0x0800189c   Section        0  tim.o(i.HAL_TIM_PWM_MspInit)
    i.HAL_TIM_PWM_Start                      0x080018d8   Section        0  stm32f1xx_hal_tim.o(i.HAL_TIM_PWM_Start)
    i.HAL_UART_Init                          0x08001974   Section        0  stm32f1xx_hal_uart.o(i.HAL_UART_Init)
    i.HAL_UART_MspInit                       0x080019d8   Section        0  usart.o(i.HAL_UART_MspInit)
    i.HAL_UART_Transmit                      0x08001a48   Section        0  stm32f1xx_hal_uart.o(i.HAL_UART_Transmit)
    i.HardFault_Handler                      0x08001afa   Section        0  stm32f1xx_it.o(i.HardFault_Handler)
    i.IntToUnicode                           0x08001afc   Section        0  usbd_desc.o(i.IntToUnicode)
    IntToUnicode                             0x08001afd   Thumb Code    56  usbd_desc.o(i.IntToUnicode)
    i.MX_GPIO_Init                           0x08001b34   Section        0  gpio.o(i.MX_GPIO_Init)
    i.MX_TIM2_Init                           0x08001c18   Section        0  tim.o(i.MX_TIM2_Init)
    i.MX_TIM3_Init                           0x08001cb4   Section        0  tim.o(i.MX_TIM3_Init)
    i.MX_USART1_UART_Init                    0x08001d58   Section        0  usart.o(i.MX_USART1_UART_Init)
    i.MX_USB_DEVICE_Init                     0x08001d90   Section        0  usb_device.o(i.MX_USB_DEVICE_Init)
    i.MemManage_Handler                      0x08001de4   Section        0  stm32f1xx_it.o(i.MemManage_Handler)
    i.NMI_Handler                            0x08001de6   Section        0  stm32f1xx_it.o(i.NMI_Handler)
    i.PCD_EP_ISR_Handler                     0x08001de8   Section        0  stm32f1xx_hal_pcd.o(i.PCD_EP_ISR_Handler)
    PCD_EP_ISR_Handler                       0x08001de9   Thumb Code   764  stm32f1xx_hal_pcd.o(i.PCD_EP_ISR_Handler)
    i.PS2_AnologData                         0x080020e4   Section        0  bsp_ps2.o(i.PS2_AnologData)
    i.PS2_ClearData                          0x080020f0   Section        0  bsp_ps2.o(i.PS2_ClearData)
    i.PS2_Cmd                                0x08002108   Section        0  bsp_ps2.o(i.PS2_Cmd)
    i.PS2_DataKey                            0x08002198   Section        0  bsp_ps2.o(i.PS2_DataKey)
    i.PS2_EnterConfing                       0x080021d8   Section        0  bsp_ps2.o(i.PS2_EnterConfing)
    i.PS2_ExitConfing                        0x0800223c   Section        0  bsp_ps2.o(i.PS2_ExitConfing)
    i.PS2_ReadData                           0x080022a0   Section        0  bsp_ps2.o(i.PS2_ReadData)
    i.PS2_SetInit                            0x08002368   Section        0  bsp_ps2.o(i.PS2_SetInit)
    i.PS2_ShortPoll                          0x0800238c   Section        0  bsp_ps2.o(i.PS2_ShortPoll)
    i.PS2_TurnOnAnalogMode                   0x080023d8   Section        0  bsp_ps2.o(i.PS2_TurnOnAnalogMode)
    i.PS2_VibrationMode                      0x08002434   Section        0  bsp_ps2.o(i.PS2_VibrationMode)
    i.PendSV_Handler                         0x08002480   Section        0  stm32f1xx_it.o(i.PendSV_Handler)
    i.SVC_Handler                            0x08002482   Section        0  stm32f1xx_it.o(i.SVC_Handler)
    i.SysTick_Handler                        0x08002484   Section        0  stm32f1xx_it.o(i.SysTick_Handler)
    i.SystemClock_Config                     0x08002488   Section        0  main.o(i.SystemClock_Config)
    i.SystemInit                             0x080024e8   Section        0  system_stm32f1xx.o(i.SystemInit)
    i.TIM_Base_SetConfig                     0x080024ec   Section        0  stm32f1xx_hal_tim.o(i.TIM_Base_SetConfig)
    i.TIM_CCxChannelCmd                      0x08002558   Section        0  stm32f1xx_hal_tim.o(i.TIM_CCxChannelCmd)
    i.TIM_OC1_SetConfig                      0x08002574   Section        0  stm32f1xx_hal_tim.o(i.TIM_OC1_SetConfig)
    TIM_OC1_SetConfig                        0x08002575   Thumb Code    74  stm32f1xx_hal_tim.o(i.TIM_OC1_SetConfig)
    i.TIM_OC2_SetConfig                      0x080025c4   Section        0  stm32f1xx_hal_tim.o(i.TIM_OC2_SetConfig)
    i.TIM_OC3_SetConfig                      0x0800261c   Section        0  stm32f1xx_hal_tim.o(i.TIM_OC3_SetConfig)
    TIM_OC3_SetConfig                        0x0800261d   Thumb Code    82  stm32f1xx_hal_tim.o(i.TIM_OC3_SetConfig)
    i.TIM_OC4_SetConfig                      0x08002674   Section        0  stm32f1xx_hal_tim.o(i.TIM_OC4_SetConfig)
    TIM_OC4_SetConfig                        0x08002675   Thumb Code    64  stm32f1xx_hal_tim.o(i.TIM_OC4_SetConfig)
    i.UART_SetConfig                         0x080026b8   Section        0  stm32f1xx_hal_uart.o(i.UART_SetConfig)
    UART_SetConfig                           0x080026b9   Thumb Code   178  stm32f1xx_hal_uart.o(i.UART_SetConfig)
    i.UART_WaitOnFlagUntilTimeout            0x08002770   Section        0  stm32f1xx_hal_uart.o(i.UART_WaitOnFlagUntilTimeout)
    UART_WaitOnFlagUntilTimeout              0x08002771   Thumb Code   100  stm32f1xx_hal_uart.o(i.UART_WaitOnFlagUntilTimeout)
    i.USBD_CDC_DataIn                        0x080027d4   Section        0  usbd_cdc.o(i.USBD_CDC_DataIn)
    USBD_CDC_DataIn                          0x080027d5   Thumb Code    70  usbd_cdc.o(i.USBD_CDC_DataIn)
    i.USBD_CDC_DataOut                       0x0800281a   Section        0  usbd_cdc.o(i.USBD_CDC_DataOut)
    USBD_CDC_DataOut                         0x0800281b   Thumb Code    46  usbd_cdc.o(i.USBD_CDC_DataOut)
    i.USBD_CDC_DeInit                        0x08002848   Section        0  usbd_cdc.o(i.USBD_CDC_DeInit)
    USBD_CDC_DeInit                          0x08002849   Thumb Code    68  usbd_cdc.o(i.USBD_CDC_DeInit)
    i.USBD_CDC_EP0_RxReady                   0x0800288c   Section        0  usbd_cdc.o(i.USBD_CDC_EP0_RxReady)
    USBD_CDC_EP0_RxReady                     0x0800288d   Thumb Code    36  usbd_cdc.o(i.USBD_CDC_EP0_RxReady)
    i.USBD_CDC_GetDeviceQualifierDescriptor  0x080028b0   Section        0  usbd_cdc.o(i.USBD_CDC_GetDeviceQualifierDescriptor)
    i.USBD_CDC_GetFSCfgDesc                  0x080028bc   Section        0  usbd_cdc.o(i.USBD_CDC_GetFSCfgDesc)
    USBD_CDC_GetFSCfgDesc                    0x080028bd   Thumb Code     8  usbd_cdc.o(i.USBD_CDC_GetFSCfgDesc)
    i.USBD_CDC_GetHSCfgDesc                  0x080028c8   Section        0  usbd_cdc.o(i.USBD_CDC_GetHSCfgDesc)
    USBD_CDC_GetHSCfgDesc                    0x080028c9   Thumb Code     8  usbd_cdc.o(i.USBD_CDC_GetHSCfgDesc)
    i.USBD_CDC_GetOtherSpeedCfgDesc          0x080028d4   Section        0  usbd_cdc.o(i.USBD_CDC_GetOtherSpeedCfgDesc)
    USBD_CDC_GetOtherSpeedCfgDesc            0x080028d5   Thumb Code     8  usbd_cdc.o(i.USBD_CDC_GetOtherSpeedCfgDesc)
    i.USBD_CDC_Init                          0x080028e0   Section        0  usbd_cdc.o(i.USBD_CDC_Init)
    USBD_CDC_Init                            0x080028e1   Thumb Code   148  usbd_cdc.o(i.USBD_CDC_Init)
    i.USBD_CDC_ReceivePacket                 0x08002974   Section        0  usbd_cdc.o(i.USBD_CDC_ReceivePacket)
    i.USBD_CDC_RegisterInterface             0x0800299c   Section        0  usbd_cdc.o(i.USBD_CDC_RegisterInterface)
    i.USBD_CDC_SetRxBuffer                   0x080029ac   Section        0  usbd_cdc.o(i.USBD_CDC_SetRxBuffer)
    i.USBD_CDC_SetTxBuffer                   0x080029b8   Section        0  usbd_cdc.o(i.USBD_CDC_SetTxBuffer)
    i.USBD_CDC_Setup                         0x080029c8   Section        0  usbd_cdc.o(i.USBD_CDC_Setup)
    USBD_CDC_Setup                           0x080029c9   Thumb Code   172  usbd_cdc.o(i.USBD_CDC_Setup)
    i.USBD_ClrClassConfig                    0x08002a74   Section        0  usbd_core.o(i.USBD_ClrClassConfig)
    i.USBD_CtlContinueRx                     0x08002a82   Section        0  usbd_ioreq.o(i.USBD_CtlContinueRx)
    i.USBD_CtlContinueSendData               0x08002a92   Section        0  usbd_ioreq.o(i.USBD_CtlContinueSendData)
    i.USBD_CtlError                          0x08002aa2   Section        0  usbd_ctlreq.o(i.USBD_CtlError)
    i.USBD_CtlPrepareRx                      0x08002ab8   Section        0  usbd_ioreq.o(i.USBD_CtlPrepareRx)
    i.USBD_CtlReceiveStatus                  0x08002ad6   Section        0  usbd_ioreq.o(i.USBD_CtlReceiveStatus)
    i.USBD_CtlSendData                       0x08002aec   Section        0  usbd_ioreq.o(i.USBD_CtlSendData)
    i.USBD_CtlSendStatus                     0x08002b06   Section        0  usbd_ioreq.o(i.USBD_CtlSendStatus)
    i.USBD_FS_ConfigStrDescriptor            0x08002b1c   Section        0  usbd_desc.o(i.USBD_FS_ConfigStrDescriptor)
    i.USBD_FS_DeviceDescriptor               0x08002b3c   Section        0  usbd_desc.o(i.USBD_FS_DeviceDescriptor)
    i.USBD_FS_InterfaceStrDescriptor         0x08002b48   Section        0  usbd_desc.o(i.USBD_FS_InterfaceStrDescriptor)
    i.USBD_FS_LangIDStrDescriptor            0x08002b6c   Section        0  usbd_desc.o(i.USBD_FS_LangIDStrDescriptor)
    i.USBD_FS_ManufacturerStrDescriptor      0x08002b78   Section        0  usbd_desc.o(i.USBD_FS_ManufacturerStrDescriptor)
    i.USBD_FS_ProductStrDescriptor           0x08002ba0   Section        0  usbd_desc.o(i.USBD_FS_ProductStrDescriptor)
    i.USBD_FS_SerialStrDescriptor            0x08002bcc   Section        0  usbd_desc.o(i.USBD_FS_SerialStrDescriptor)
    i.USBD_GetDescriptor                     0x08002c04   Section        0  usbd_ctlreq.o(i.USBD_GetDescriptor)
    USBD_GetDescriptor                       0x08002c05   Thumb Code   232  usbd_ctlreq.o(i.USBD_GetDescriptor)
    i.USBD_GetString                         0x08002cec   Section        0  usbd_ctlreq.o(i.USBD_GetString)
    i.USBD_Get_USB_Status                    0x08002d34   Section        0  usbd_conf.o(i.USBD_Get_USB_Status)
    USBD_Get_USB_Status                      0x08002d35   Thumb Code    24  usbd_conf.o(i.USBD_Get_USB_Status)
    i.USBD_Init                              0x08002d4c   Section        0  usbd_core.o(i.USBD_Init)
    i.USBD_LL_ClearStallEP                   0x08002d76   Section        0  usbd_conf.o(i.USBD_LL_ClearStallEP)
    i.USBD_LL_CloseEP                        0x08002d88   Section        0  usbd_conf.o(i.USBD_LL_CloseEP)
    i.USBD_LL_DataInStage                    0x08002d9a   Section        0  usbd_core.o(i.USBD_LL_DataInStage)
    i.USBD_LL_DataOutStage                   0x08002e60   Section        0  usbd_core.o(i.USBD_LL_DataOutStage)
    i.USBD_LL_GetRxDataSize                  0x08002ee2   Section        0  usbd_conf.o(i.USBD_LL_GetRxDataSize)
    i.USBD_LL_Init                           0x08002eec   Section        0  usbd_conf.o(i.USBD_LL_Init)
    i.USBD_LL_IsStallEP                      0x08002f6c   Section        0  usbd_conf.o(i.USBD_LL_IsStallEP)
    i.USBD_LL_OpenEP                         0x08002f8c   Section        0  usbd_conf.o(i.USBD_LL_OpenEP)
    i.USBD_LL_PrepareReceive                 0x08002fa4   Section        0  usbd_conf.o(i.USBD_LL_PrepareReceive)
    i.USBD_LL_Reset                          0x08002fb6   Section        0  usbd_core.o(i.USBD_LL_Reset)
    i.USBD_LL_Resume                         0x08003006   Section        0  usbd_core.o(i.USBD_LL_Resume)
    i.USBD_LL_SOF                            0x0800301a   Section        0  usbd_core.o(i.USBD_LL_SOF)
    i.USBD_LL_SetSpeed                       0x08003032   Section        0  usbd_core.o(i.USBD_LL_SetSpeed)
    i.USBD_LL_SetUSBAddress                  0x08003038   Section        0  usbd_conf.o(i.USBD_LL_SetUSBAddress)
    i.USBD_LL_SetupStage                     0x0800304a   Section        0  usbd_core.o(i.USBD_LL_SetupStage)
    i.USBD_LL_StallEP                        0x080030a4   Section        0  usbd_conf.o(i.USBD_LL_StallEP)
    i.USBD_LL_Start                          0x080030b6   Section        0  usbd_conf.o(i.USBD_LL_Start)
    i.USBD_LL_Suspend                        0x080030c8   Section        0  usbd_core.o(i.USBD_LL_Suspend)
    i.USBD_LL_Transmit                       0x080030da   Section        0  usbd_conf.o(i.USBD_LL_Transmit)
    i.USBD_ParseSetupRequest                 0x080030ec   Section        0  usbd_ctlreq.o(i.USBD_ParseSetupRequest)
    i.USBD_RegisterClass                     0x08003114   Section        0  usbd_core.o(i.USBD_RegisterClass)
    i.USBD_SetClassConfig                    0x08003124   Section        0  usbd_core.o(i.USBD_SetClassConfig)
    i.USBD_SetConfig                         0x0800313c   Section        0  usbd_ctlreq.o(i.USBD_SetConfig)
    USBD_SetConfig                           0x0800313d   Thumb Code   128  usbd_ctlreq.o(i.USBD_SetConfig)
    i.USBD_Start                             0x080031c0   Section        0  usbd_core.o(i.USBD_Start)
    i.USBD_StdDevReq                         0x080031ca   Section        0  usbd_ctlreq.o(i.USBD_StdDevReq)
    i.USBD_StdEPReq                          0x080032dc   Section        0  usbd_ctlreq.o(i.USBD_StdEPReq)
    i.USBD_StdItfReq                         0x0800342c   Section        0  usbd_ctlreq.o(i.USBD_StdItfReq)
    i.USBD_static_free                       0x0800347a   Section        0  usbd_conf.o(i.USBD_static_free)
    i.USBD_static_malloc                     0x0800347c   Section        0  usbd_conf.o(i.USBD_static_malloc)
    i.USB_ActivateEndpoint                   0x08003484   Section        0  stm32f1xx_ll_usb.o(i.USB_ActivateEndpoint)
    i.USB_CoreInit                           0x080036dc   Section        0  stm32f1xx_ll_usb.o(i.USB_CoreInit)
    i.USB_DeactivateEndpoint                 0x080036e0   Section        0  stm32f1xx_ll_usb.o(i.USB_DeactivateEndpoint)
    i.USB_DevConnect                         0x080037ee   Section        0  stm32f1xx_ll_usb.o(i.USB_DevConnect)
    i.USB_DevDisconnect                      0x080037f2   Section        0  stm32f1xx_ll_usb.o(i.USB_DevDisconnect)
    i.USB_DevInit                            0x080037f6   Section        0  stm32f1xx_ll_usb.o(i.USB_DevInit)
    i.USB_DisableGlobalInt                   0x08003808   Section        0  stm32f1xx_ll_usb.o(i.USB_DisableGlobalInt)
    i.USB_EP0_OutStart                       0x08003816   Section        0  stm32f1xx_ll_usb.o(i.USB_EP0_OutStart)
    i.USB_EPClearStall                       0x0800381a   Section        0  stm32f1xx_ll_usb.o(i.USB_EPClearStall)
    i.USB_EPSetStall                         0x08003892   Section        0  stm32f1xx_ll_usb.o(i.USB_EPSetStall)
    i.USB_EPStartXfer                        0x080038c4   Section        0  stm32f1xx_ll_usb.o(i.USB_EPStartXfer)
    i.USB_EnableGlobalInt                    0x08003d92   Section        0  stm32f1xx_ll_usb.o(i.USB_EnableGlobalInt)
    i.USB_LP_CAN1_RX0_IRQHandler             0x08003da4   Section        0  stm32f1xx_it.o(i.USB_LP_CAN1_RX0_IRQHandler)
    i.USB_ReadInterrupts                     0x08003db0   Section        0  stm32f1xx_ll_usb.o(i.USB_ReadInterrupts)
    i.USB_ReadPMA                            0x08003db8   Section        0  stm32f1xx_ll_usb.o(i.USB_ReadPMA)
    i.USB_SetCurrentMode                     0x08003de4   Section        0  stm32f1xx_ll_usb.o(i.USB_SetCurrentMode)
    i.USB_SetDevAddress                      0x08003de8   Section        0  stm32f1xx_ll_usb.o(i.USB_SetDevAddress)
    i.USB_WritePMA                           0x08003df4   Section        0  stm32f1xx_ll_usb.o(i.USB_WritePMA)
    i.UsageFault_Handler                     0x08003e1a   Section        0  stm32f1xx_it.o(i.UsageFault_Handler)
    i.__0printf$1                            0x08003e1c   Section        0  printf1.o(i.__0printf$1)
    i.__NVIC_SetPriority                     0x08003e3c   Section        0  stm32f1xx_hal_cortex.o(i.__NVIC_SetPriority)
    __NVIC_SetPriority                       0x08003e3d   Thumb Code    32  stm32f1xx_hal_cortex.o(i.__NVIC_SetPriority)
    i.__scatterload_copy                     0x08003e5c   Section       14  handlers.o(i.__scatterload_copy)
    i.__scatterload_null                     0x08003e6a   Section        2  handlers.o(i.__scatterload_null)
    i.__scatterload_zeroinit                 0x08003e6c   Section       14  handlers.o(i.__scatterload_zeroinit)
    i._printf_core                           0x08003e7c   Section        0  printf1.o(i._printf_core)
    _printf_core                             0x08003e7d   Thumb Code   336  printf1.o(i._printf_core)
    i.chassis_remote_control                 0x08003fd0   Section        0  bsp_motor.o(i.chassis_remote_control)
    i.delay_us                               0x08004128   Section        0  bsp_ps2.o(i.delay_us)
    i.fputc                                  0x08004140   Section        0  bsp_usart.o(i.fputc)
    i.main                                   0x08004158   Section        0  main.o(i.main)
    i.map                                    0x080041a8   Section        0  bsp_motor.o(i.map)
    i.motor_move                             0x080041e4   Section        0  bsp_motor.o(i.motor_move)
    .constdata                               0x080042fc   Section       16  system_stm32f1xx.o(.constdata)
    .constdata                               0x0800430c   Section        8  system_stm32f1xx.o(.constdata)
    .data                                    0x20000000   Section       36  bsp_ps2.o(.data)
    .data                                    0x20000024   Section        1  bsp_ps2.o(.data)
    .data                                    0x20000025   Section        1  bsp_ps2.o(.data)
    .data                                    0x20000026   Section        1  bsp_ps2.o(.data)
    .data                                    0x20000027   Section        1  bsp_ps2.o(.data)
    .data                                    0x20000028   Section        1  bsp_ps2.o(.data)
    .data                                    0x2000002c   Section       28  usbd_desc.o(.data)
    .data                                    0x20000048   Section       50  usbd_desc.o(.data)
    .data                                    0x2000007c   Section       16  usbd_cdc_if.o(.data)
    .data                                    0x2000008c   Section       12  stm32f1xx_hal.o(.data)
    .data                                    0x20000098   Section        4  system_stm32f1xx.o(.data)
    .data                                    0x2000009c   Section        1  usbd_ctlreq.o(.data)
    cfgidx                                   0x2000009c   Data           1  usbd_ctlreq.o(.data)
    .data                                    0x200000a0   Section      215  usbd_cdc.o(.data)
    USBD_CDC_DeviceQualifierDesc             0x200000a0   Data          10  usbd_cdc.o(.data)
    .data                                    0x20000178   Section       56  usbd_cdc.o(.data)
    .data                                    0x200001b0   Section        4  stdout.o(.data)
    .bss                                     0x200001b4   Section      144  tim.o(.bss)
    .bss                                     0x20000244   Section       64  usart.o(.bss)
    .bss                                     0x20000284   Section        9  bsp_ps2.o(.bss)
    .bss                                     0x20000290   Section      708  usb_device.o(.bss)
    .bss                                     0x20000554   Section      512  usbd_desc.o(.bss)
    .bss                                     0x20000754   Section     2000  usbd_cdc_if.o(.bss)
    .bss                                     0x20000f24   Section     1292  usbd_conf.o(.bss)
    mem                                      0x20000f24   Data         544  usbd_conf.o(.bss)
    STACK                                    0x20001430   Section     1024  startup_stm32f103xb.o(STACK)

    Global Symbols

    Symbol Name                              Value     Ov Type        Size  Object(Section)

    BuildAttributes$$THM_ISAv4$P$D$K$B$S$PE$A:L22UL41UL21$X:L11$S22US41US21$IEEE1$IW$USESV6$~STKCKD$USESV7$~SHL$OTIME$ROPI$EBA8$MICROLIB$REQ8$PRES8$EABIv2 0x00000000   Number         0  anon$$obj.o ABSOLUTE
    __ARM_use_no_argv                        0x00000000   Number         0  main.o ABSOLUTE
    _printf_a                                0x00000000   Number         0  stubs.o ABSOLUTE
    _printf_c                                0x00000000   Number         0  stubs.o ABSOLUTE
    _printf_charcount                        0x00000000   Number         0  stubs.o ABSOLUTE
    _printf_d                                0x00000000   Number         0  stubs.o ABSOLUTE
    _printf_e                                0x00000000   Number         0  stubs.o ABSOLUTE
    _printf_f                                0x00000000   Number         0  stubs.o ABSOLUTE
    _printf_flags                            0x00000000   Number         0  stubs.o ABSOLUTE
    _printf_fp_dec                           0x00000000   Number         0  stubs.o ABSOLUTE
    _printf_fp_hex                           0x00000000   Number         0  stubs.o ABSOLUTE
    _printf_g                                0x00000000   Number         0  stubs.o ABSOLUTE
    _printf_i                                0x00000000   Number         0  stubs.o ABSOLUTE
    _printf_int_dec                          0x00000000   Number         0  stubs.o ABSOLUTE
    _printf_l                                0x00000000   Number         0  stubs.o ABSOLUTE
    _printf_lc                               0x00000000   Number         0  stubs.o ABSOLUTE
    _printf_ll                               0x00000000   Number         0  stubs.o ABSOLUTE
    _printf_lld                              0x00000000   Number         0  stubs.o ABSOLUTE
    _printf_lli                              0x00000000   Number         0  stubs.o ABSOLUTE
    _printf_llo                              0x00000000   Number         0  stubs.o ABSOLUTE
    _printf_llu                              0x00000000   Number         0  stubs.o ABSOLUTE
    _printf_llx                              0x00000000   Number         0  stubs.o ABSOLUTE
    _printf_longlong_dec                     0x00000000   Number         0  stubs.o ABSOLUTE
    _printf_longlong_hex                     0x00000000   Number         0  stubs.o ABSOLUTE
    _printf_longlong_oct                     0x00000000   Number         0  stubs.o ABSOLUTE
    _printf_ls                               0x00000000   Number         0  stubs.o ABSOLUTE
    _printf_mbtowc                           0x00000000   Number         0  stubs.o ABSOLUTE
    _printf_n                                0x00000000   Number         0  stubs.o ABSOLUTE
    _printf_o                                0x00000000   Number         0  stubs.o ABSOLUTE
    _printf_p                                0x00000000   Number         0  stubs.o ABSOLUTE
    _printf_percent                          0x00000000   Number         0  stubs.o ABSOLUTE
    _printf_pre_padding                      0x00000000   Number         0  stubs.o ABSOLUTE
    _printf_return_value                     0x00000000   Number         0  stubs.o ABSOLUTE
    _printf_s                                0x00000000   Number         0  stubs.o ABSOLUTE
    _printf_sizespec                         0x00000000   Number         0  stubs.o ABSOLUTE
    _printf_str                              0x00000000   Number         0  stubs.o ABSOLUTE
    _printf_truncate_signed                  0x00000000   Number         0  stubs.o ABSOLUTE
    _printf_truncate_unsigned                0x00000000   Number         0  stubs.o ABSOLUTE
    _printf_u                                0x00000000   Number         0  stubs.o ABSOLUTE
    _printf_wc                               0x00000000   Number         0  stubs.o ABSOLUTE
    _printf_wctomb                           0x00000000   Number         0  stubs.o ABSOLUTE
    _printf_widthprec                        0x00000000   Number         0  stubs.o ABSOLUTE
    _printf_x                                0x00000000   Number         0  stubs.o ABSOLUTE
    __cpp_initialize__aeabi_                  - Undefined Weak Reference
    __cxa_finalize                            - Undefined Weak Reference
    _clock_init                               - Undefined Weak Reference
    _microlib_exit                            - Undefined Weak Reference
    __Vectors_Size                           0x000000ec   Number         0  startup_stm32f103xb.o ABSOLUTE
    __Vectors                                0x08000000   Data           4  startup_stm32f103xb.o(RESET)
    __Vectors_End                            0x080000ec   Data           0  startup_stm32f103xb.o(RESET)
    __main                                   0x080000ed   Thumb Code     0  entry.o(.ARM.Collect$$$$00000000)
    _main_stk                                0x080000ed   Thumb Code     0  entry2.o(.ARM.Collect$$$$00000001)
    _main_scatterload                        0x080000f1   Thumb Code     0  entry5.o(.ARM.Collect$$$$00000004)
    __main_after_scatterload                 0x080000f5   Thumb Code     0  entry5.o(.ARM.Collect$$$$00000004)
    _main_clock                              0x080000f5   Thumb Code     0  entry7b.o(.ARM.Collect$$$$00000008)
    _main_cpp_init                           0x080000f5   Thumb Code     0  entry8b.o(.ARM.Collect$$$$0000000A)
    _main_init                               0x080000f5   Thumb Code     0  entry9a.o(.ARM.Collect$$$$0000000B)
    __rt_final_cpp                           0x080000fd   Thumb Code     0  entry10a.o(.ARM.Collect$$$$0000000D)
    __rt_final_exit                          0x080000fd   Thumb Code     0  entry11a.o(.ARM.Collect$$$$0000000F)
    Reset_Handler                            0x08000101   Thumb Code     8  startup_stm32f103xb.o(.text)
    ADC1_2_IRQHandler                        0x0800011b   Thumb Code     0  startup_stm32f103xb.o(.text)
    CAN1_RX1_IRQHandler                      0x0800011b   Thumb Code     0  startup_stm32f103xb.o(.text)
    CAN1_SCE_IRQHandler                      0x0800011b   Thumb Code     0  startup_stm32f103xb.o(.text)
    DMA1_Channel1_IRQHandler                 0x0800011b   Thumb Code     0  startup_stm32f103xb.o(.text)
    DMA1_Channel2_IRQHandler                 0x0800011b   Thumb Code     0  startup_stm32f103xb.o(.text)
    DMA1_Channel3_IRQHandler                 0x0800011b   Thumb Code     0  startup_stm32f103xb.o(.text)
    DMA1_Channel4_IRQHandler                 0x0800011b   Thumb Code     0  startup_stm32f103xb.o(.text)
    DMA1_Channel5_IRQHandler                 0x0800011b   Thumb Code     0  startup_stm32f103xb.o(.text)
    DMA1_Channel6_IRQHandler                 0x0800011b   Thumb Code     0  startup_stm32f103xb.o(.text)
    DMA1_Channel7_IRQHandler                 0x0800011b   Thumb Code     0  startup_stm32f103xb.o(.text)
    EXTI0_IRQHandler                         0x0800011b   Thumb Code     0  startup_stm32f103xb.o(.text)
    EXTI15_10_IRQHandler                     0x0800011b   Thumb Code     0  startup_stm32f103xb.o(.text)
    EXTI1_IRQHandler                         0x0800011b   Thumb Code     0  startup_stm32f103xb.o(.text)
    EXTI2_IRQHandler                         0x0800011b   Thumb Code     0  startup_stm32f103xb.o(.text)
    EXTI3_IRQHandler                         0x0800011b   Thumb Code     0  startup_stm32f103xb.o(.text)
    EXTI4_IRQHandler                         0x0800011b   Thumb Code     0  startup_stm32f103xb.o(.text)
    EXTI9_5_IRQHandler                       0x0800011b   Thumb Code     0  startup_stm32f103xb.o(.text)
    FLASH_IRQHandler                         0x0800011b   Thumb Code     0  startup_stm32f103xb.o(.text)
    I2C1_ER_IRQHandler                       0x0800011b   Thumb Code     0  startup_stm32f103xb.o(.text)
    I2C1_EV_IRQHandler                       0x0800011b   Thumb Code     0  startup_stm32f103xb.o(.text)
    I2C2_ER_IRQHandler                       0x0800011b   Thumb Code     0  startup_stm32f103xb.o(.text)
    I2C2_EV_IRQHandler                       0x0800011b   Thumb Code     0  startup_stm32f103xb.o(.text)
    PVD_IRQHandler                           0x0800011b   Thumb Code     0  startup_stm32f103xb.o(.text)
    RCC_IRQHandler                           0x0800011b   Thumb Code     0  startup_stm32f103xb.o(.text)
    RTC_Alarm_IRQHandler                     0x0800011b   Thumb Code     0  startup_stm32f103xb.o(.text)
    RTC_IRQHandler                           0x0800011b   Thumb Code     0  startup_stm32f103xb.o(.text)
    SPI1_IRQHandler                          0x0800011b   Thumb Code     0  startup_stm32f103xb.o(.text)
    SPI2_IRQHandler                          0x0800011b   Thumb Code     0  startup_stm32f103xb.o(.text)
    TAMPER_IRQHandler                        0x0800011b   Thumb Code     0  startup_stm32f103xb.o(.text)
    TIM1_BRK_IRQHandler                      0x0800011b   Thumb Code     0  startup_stm32f103xb.o(.text)
    TIM1_CC_IRQHandler                       0x0800011b   Thumb Code     0  startup_stm32f103xb.o(.text)
    TIM1_TRG_COM_IRQHandler                  0x0800011b   Thumb Code     0  startup_stm32f103xb.o(.text)
    TIM1_UP_IRQHandler                       0x0800011b   Thumb Code     0  startup_stm32f103xb.o(.text)
    TIM2_IRQHandler                          0x0800011b   Thumb Code     0  startup_stm32f103xb.o(.text)
    TIM3_IRQHandler                          0x0800011b   Thumb Code     0  startup_stm32f103xb.o(.text)
    TIM4_IRQHandler                          0x0800011b   Thumb Code     0  startup_stm32f103xb.o(.text)
    USART1_IRQHandler                        0x0800011b   Thumb Code     0  startup_stm32f103xb.o(.text)
    USART2_IRQHandler                        0x0800011b   Thumb Code     0  startup_stm32f103xb.o(.text)
    USART3_IRQHandler                        0x0800011b   Thumb Code     0  startup_stm32f103xb.o(.text)
    USBWakeUp_IRQHandler                     0x0800011b   Thumb Code     0  startup_stm32f103xb.o(.text)
    USB_HP_CAN1_TX_IRQHandler                0x0800011b   Thumb Code     0  startup_stm32f103xb.o(.text)
    WWDG_IRQHandler                          0x0800011b   Thumb Code     0  startup_stm32f103xb.o(.text)
    __aeabi_memcpy                           0x08000125   Thumb Code    36  memcpya.o(.text)
    __aeabi_memcpy4                          0x08000125   Thumb Code     0  memcpya.o(.text)
    __aeabi_memcpy8                          0x08000125   Thumb Code     0  memcpya.o(.text)
    __aeabi_memset                           0x08000149   Thumb Code    14  memseta.o(.text)
    __aeabi_memset4                          0x08000149   Thumb Code     0  memseta.o(.text)
    __aeabi_memset8                          0x08000149   Thumb Code     0  memseta.o(.text)
    __aeabi_memclr                           0x08000157   Thumb Code     4  memseta.o(.text)
    __aeabi_memclr4                          0x08000157   Thumb Code     0  memseta.o(.text)
    __aeabi_memclr8                          0x08000157   Thumb Code     0  memseta.o(.text)
    _memset$wrapper                          0x0800015b   Thumb Code    18  memseta.o(.text)
    __aeabi_fadd                             0x0800016d   Thumb Code   164  fadd.o(.text)
    __aeabi_fsub                             0x08000211   Thumb Code     6  fadd.o(.text)
    __aeabi_frsub                            0x08000217   Thumb Code     6  fadd.o(.text)
    __aeabi_fmul                             0x0800021d   Thumb Code   100  fmul.o(.text)
    __aeabi_fdiv                             0x08000281   Thumb Code   124  fdiv.o(.text)
    __aeabi_ui2f                             0x080002fd   Thumb Code    10  ffltui.o(.text)
    __aeabi_f2iz                             0x08000307   Thumb Code    50  ffixi.o(.text)
    __aeabi_uidiv                            0x08000339   Thumb Code     0  uidiv.o(.text)
    __aeabi_uidivmod                         0x08000339   Thumb Code    44  uidiv.o(.text)
    __I$use$fp                               0x08000365   Thumb Code     0  iusefp.o(.text)
    _float_round                             0x08000365   Thumb Code    18  fepilogue.o(.text)
    _float_epilogue                          0x08000377   Thumb Code    92  fepilogue.o(.text)
    __scatterload                            0x080003d5   Thumb Code    28  init.o(.text)
    __scatterload_rt2                        0x080003d5   Thumb Code     0  init.o(.text)
    __decompress                             0x080003f9   Thumb Code     0  __dczerorl2.o(.text)
    __decompress1                            0x080003f9   Thumb Code    86  __dczerorl2.o(.text)
    BusFault_Handler                         0x0800044f   Thumb Code     2  stm32f1xx_it.o(i.BusFault_Handler)
    DebugMon_Handler                         0x08000495   Thumb Code     2  stm32f1xx_it.o(i.DebugMon_Handler)
    Error_Handler                            0x08000497   Thumb Code     2  main.o(i.Error_Handler)
    HAL_Delay                                0x08000499   Thumb Code    32  stm32f1xx_hal.o(i.HAL_Delay)
    HAL_GPIO_Init                            0x080004bd   Thumb Code   446  stm32f1xx_hal_gpio.o(i.HAL_GPIO_Init)
    HAL_GPIO_ReadPin                         0x0800069d   Thumb Code    10  stm32f1xx_hal_gpio.o(i.HAL_GPIO_ReadPin)
    HAL_GPIO_WritePin                        0x080006a7   Thumb Code    10  stm32f1xx_hal_gpio.o(i.HAL_GPIO_WritePin)
    HAL_GetTick                              0x080006b1   Thumb Code     6  stm32f1xx_hal.o(i.HAL_GetTick)
    HAL_IncTick                              0x080006bd   Thumb Code    12  stm32f1xx_hal.o(i.HAL_IncTick)
    HAL_Init                                 0x080006cd   Thumb Code    32  stm32f1xx_hal.o(i.HAL_Init)
    HAL_InitTick                             0x080006f1   Thumb Code    54  stm32f1xx_hal.o(i.HAL_InitTick)
    HAL_MspInit                              0x08000731   Thumb Code    52  stm32f1xx_hal_msp.o(i.HAL_MspInit)
    HAL_NVIC_EnableIRQ                       0x0800076d   Thumb Code    26  stm32f1xx_hal_cortex.o(i.HAL_NVIC_EnableIRQ)
    HAL_NVIC_SetPriority                     0x08000789   Thumb Code    60  stm32f1xx_hal_cortex.o(i.HAL_NVIC_SetPriority)
    HAL_NVIC_SetPriorityGrouping             0x080007c9   Thumb Code    26  stm32f1xx_hal_cortex.o(i.HAL_NVIC_SetPriorityGrouping)
    HAL_PCDEx_PMAConfig                      0x080007ed   Thumb Code    60  stm32f1xx_hal_pcd_ex.o(i.HAL_PCDEx_PMAConfig)
    HAL_PCDEx_SetConnectionState             0x08000829   Thumb Code     2  usbd_conf.o(i.HAL_PCDEx_SetConnectionState)
    HAL_PCD_DataInStageCallback              0x0800082b   Thumb Code    18  usbd_conf.o(i.HAL_PCD_DataInStageCallback)
    HAL_PCD_DataOutStageCallback             0x0800083d   Thumb Code    20  usbd_conf.o(i.HAL_PCD_DataOutStageCallback)
    HAL_PCD_EP_Close                         0x08000851   Thumb Code    76  stm32f1xx_hal_pcd.o(i.HAL_PCD_EP_Close)
    HAL_PCD_EP_ClrStall                      0x0800089d   Thumb Code    92  stm32f1xx_hal_pcd.o(i.HAL_PCD_EP_ClrStall)
    HAL_PCD_EP_GetRxCount                    0x08000bff   Thumb Code    18  stm32f1xx_hal_pcd.o(i.HAL_PCD_EP_GetRxCount)
    HAL_PCD_EP_Open                          0x08000c11   Thumb Code    96  stm32f1xx_hal_pcd.o(i.HAL_PCD_EP_Open)
    HAL_PCD_EP_Receive                       0x08000c71   Thumb Code    50  stm32f1xx_hal_pcd.o(i.HAL_PCD_EP_Receive)
    HAL_PCD_EP_SetStall                      0x08000ca3   Thumb Code   114  stm32f1xx_hal_pcd.o(i.HAL_PCD_EP_SetStall)
    HAL_PCD_EP_Transmit                      0x08000d15   Thumb Code    52  stm32f1xx_hal_pcd.o(i.HAL_PCD_EP_Transmit)
    HAL_PCD_IRQHandler                       0x08000d49   Thumb Code   340  stm32f1xx_hal_pcd.o(i.HAL_PCD_IRQHandler)
    HAL_PCD_Init                             0x08000e9d   Thumb Code   218  stm32f1xx_hal_pcd.o(i.HAL_PCD_Init)
    HAL_PCD_MspInit                          0x08000f79   Thumb Code    50  usbd_conf.o(i.HAL_PCD_MspInit)
    HAL_PCD_ResetCallback                    0x08000fb5   Thumb Code    38  usbd_conf.o(i.HAL_PCD_ResetCallback)
    HAL_PCD_ResumeCallback                   0x08000fdb   Thumb Code     8  usbd_conf.o(i.HAL_PCD_ResumeCallback)
    HAL_PCD_SOFCallback                      0x08000fe3   Thumb Code     8  usbd_conf.o(i.HAL_PCD_SOFCallback)
    HAL_PCD_SetAddress                       0x08000feb   Thumb Code    40  stm32f1xx_hal_pcd.o(i.HAL_PCD_SetAddress)
    HAL_PCD_SetupStageCallback               0x08001013   Thumb Code    14  usbd_conf.o(i.HAL_PCD_SetupStageCallback)
    HAL_PCD_Start                            0x08001021   Thumb Code    50  stm32f1xx_hal_pcd.o(i.HAL_PCD_Start)
    HAL_PCD_SuspendCallback                  0x08001055   Thumb Code    30  usbd_conf.o(i.HAL_PCD_SuspendCallback)
    HAL_RCCEx_PeriphCLKConfig                0x08001079   Thumb Code   224  stm32f1xx_hal_rcc_ex.o(i.HAL_RCCEx_PeriphCLKConfig)
    HAL_RCC_ClockConfig                      0x08001165   Thumb Code   280  stm32f1xx_hal_rcc.o(i.HAL_RCC_ClockConfig)
    HAL_RCC_GetPCLK1Freq                     0x08001291   Thumb Code    20  stm32f1xx_hal_rcc.o(i.HAL_RCC_GetPCLK1Freq)
    HAL_RCC_GetPCLK2Freq                     0x080012b1   Thumb Code    20  stm32f1xx_hal_rcc.o(i.HAL_RCC_GetPCLK2Freq)
    HAL_RCC_GetSysClockFreq                  0x080012d1   Thumb Code    74  stm32f1xx_hal_rcc.o(i.HAL_RCC_GetSysClockFreq)
    HAL_RCC_OscConfig                        0x0800133d   Thumb Code   778  stm32f1xx_hal_rcc.o(i.HAL_RCC_OscConfig)
    HAL_SYSTICK_Config                       0x0800165d   Thumb Code    40  stm32f1xx_hal_cortex.o(i.HAL_SYSTICK_Config)
    HAL_TIMEx_MasterConfigSynchronization    0x08001685   Thumb Code    92  stm32f1xx_hal_tim_ex.o(i.HAL_TIMEx_MasterConfigSynchronization)
    HAL_TIM_MspPostInit                      0x080016ed   Thumb Code   128  tim.o(i.HAL_TIM_MspPostInit)
    HAL_TIM_PWM_ConfigChannel                0x0800177d   Thumb Code   198  stm32f1xx_hal_tim.o(i.HAL_TIM_PWM_ConfigChannel)
    HAL_TIM_PWM_Init                         0x08001843   Thumb Code    90  stm32f1xx_hal_tim.o(i.HAL_TIM_PWM_Init)
    HAL_TIM_PWM_MspInit                      0x0800189d   Thumb Code    52  tim.o(i.HAL_TIM_PWM_MspInit)
    HAL_TIM_PWM_Start                        0x080018d9   Thumb Code   144  stm32f1xx_hal_tim.o(i.HAL_TIM_PWM_Start)
    HAL_UART_Init                            0x08001975   Thumb Code    98  stm32f1xx_hal_uart.o(i.HAL_UART_Init)
    HAL_UART_MspInit                         0x080019d9   Thumb Code   100  usart.o(i.HAL_UART_MspInit)
    HAL_UART_Transmit                        0x08001a49   Thumb Code   178  stm32f1xx_hal_uart.o(i.HAL_UART_Transmit)
    HardFault_Handler                        0x08001afb   Thumb Code     2  stm32f1xx_it.o(i.HardFault_Handler)
    MX_GPIO_Init                             0x08001b35   Thumb Code   212  gpio.o(i.MX_GPIO_Init)
    MX_TIM2_Init                             0x08001c19   Thumb Code   152  tim.o(i.MX_TIM2_Init)
    MX_TIM3_Init                             0x08001cb5   Thumb Code   154  tim.o(i.MX_TIM3_Init)
    MX_USART1_UART_Init                      0x08001d59   Thumb Code    48  usart.o(i.MX_USART1_UART_Init)
    MX_USB_DEVICE_Init                       0x08001d91   Thumb Code    66  usb_device.o(i.MX_USB_DEVICE_Init)
    MemManage_Handler                        0x08001de5   Thumb Code     2  stm32f1xx_it.o(i.MemManage_Handler)
    NMI_Handler                              0x08001de7   Thumb Code     2  stm32f1xx_it.o(i.NMI_Handler)
    PS2_AnologData                           0x080020e5   Thumb Code     6  bsp_ps2.o(i.PS2_AnologData)
    PS2_ClearData                            0x080020f1   Thumb Code    18  bsp_ps2.o(i.PS2_ClearData)
    PS2_Cmd                                  0x08002109   Thumb Code   134  bsp_ps2.o(i.PS2_Cmd)
    PS2_DataKey                              0x08002199   Thumb Code    56  bsp_ps2.o(i.PS2_DataKey)
    PS2_EnterConfing                         0x080021d9   Thumb Code    94  bsp_ps2.o(i.PS2_EnterConfing)
    PS2_ExitConfing                          0x0800223d   Thumb Code    94  bsp_ps2.o(i.PS2_ExitConfing)
    PS2_ReadData                             0x080022a1   Thumb Code   186  bsp_ps2.o(i.PS2_ReadData)
    PS2_SetInit                              0x08002369   Thumb Code    34  bsp_ps2.o(i.PS2_SetInit)
    PS2_ShortPoll                            0x0800238d   Thumb Code    70  bsp_ps2.o(i.PS2_ShortPoll)
    PS2_TurnOnAnalogMode                     0x080023d9   Thumb Code    88  bsp_ps2.o(i.PS2_TurnOnAnalogMode)
    PS2_VibrationMode                        0x08002435   Thumb Code    70  bsp_ps2.o(i.PS2_VibrationMode)
    PendSV_Handler                           0x08002481   Thumb Code     2  stm32f1xx_it.o(i.PendSV_Handler)
    SVC_Handler                              0x08002483   Thumb Code     2  stm32f1xx_it.o(i.SVC_Handler)
    SysTick_Handler                          0x08002485   Thumb Code     4  stm32f1xx_it.o(i.SysTick_Handler)
    SystemClock_Config                       0x08002489   Thumb Code    96  main.o(i.SystemClock_Config)
    SystemInit                               0x080024e9   Thumb Code     2  system_stm32f1xx.o(i.SystemInit)
    TIM_Base_SetConfig                       0x080024ed   Thumb Code    94  stm32f1xx_hal_tim.o(i.TIM_Base_SetConfig)
    TIM_CCxChannelCmd                        0x08002559   Thumb Code    26  stm32f1xx_hal_tim.o(i.TIM_CCxChannelCmd)
    TIM_OC2_SetConfig                        0x080025c5   Thumb Code    84  stm32f1xx_hal_tim.o(i.TIM_OC2_SetConfig)
    USBD_CDC_GetDeviceQualifierDescriptor    0x080028b1   Thumb Code     8  usbd_cdc.o(i.USBD_CDC_GetDeviceQualifierDescriptor)
    USBD_CDC_ReceivePacket                   0x08002975   Thumb Code    40  usbd_cdc.o(i.USBD_CDC_ReceivePacket)
    USBD_CDC_RegisterInterface               0x0800299d   Thumb Code    16  usbd_cdc.o(i.USBD_CDC_RegisterInterface)
    USBD_CDC_SetRxBuffer                     0x080029ad   Thumb Code    12  usbd_cdc.o(i.USBD_CDC_SetRxBuffer)
    USBD_CDC_SetTxBuffer                     0x080029b9   Thumb Code    16  usbd_cdc.o(i.USBD_CDC_SetTxBuffer)
    USBD_ClrClassConfig                      0x08002a75   Thumb Code    14  usbd_core.o(i.USBD_ClrClassConfig)
    USBD_CtlContinueRx                       0x08002a83   Thumb Code    16  usbd_ioreq.o(i.USBD_CtlContinueRx)
    USBD_CtlContinueSendData                 0x08002a93   Thumb Code    16  usbd_ioreq.o(i.USBD_CtlContinueSendData)
    USBD_CtlError                            0x08002aa3   Thumb Code    22  usbd_ctlreq.o(i.USBD_CtlError)
    USBD_CtlPrepareRx                        0x08002ab9   Thumb Code    30  usbd_ioreq.o(i.USBD_CtlPrepareRx)
    USBD_CtlReceiveStatus                    0x08002ad7   Thumb Code    22  usbd_ioreq.o(i.USBD_CtlReceiveStatus)
    USBD_CtlSendData                         0x08002aed   Thumb Code    26  usbd_ioreq.o(i.USBD_CtlSendData)
    USBD_CtlSendStatus                       0x08002b07   Thumb Code    22  usbd_ioreq.o(i.USBD_CtlSendStatus)
    USBD_FS_ConfigStrDescriptor              0x08002b1d   Thumb Code    16  usbd_desc.o(i.USBD_FS_ConfigStrDescriptor)
    USBD_FS_DeviceDescriptor                 0x08002b3d   Thumb Code     8  usbd_desc.o(i.USBD_FS_DeviceDescriptor)
    USBD_FS_InterfaceStrDescriptor           0x08002b49   Thumb Code    16  usbd_desc.o(i.USBD_FS_InterfaceStrDescriptor)
    USBD_FS_LangIDStrDescriptor              0x08002b6d   Thumb Code     8  usbd_desc.o(i.USBD_FS_LangIDStrDescriptor)
    USBD_FS_ManufacturerStrDescriptor        0x08002b79   Thumb Code    16  usbd_desc.o(i.USBD_FS_ManufacturerStrDescriptor)
    USBD_FS_ProductStrDescriptor             0x08002ba1   Thumb Code    16  usbd_desc.o(i.USBD_FS_ProductStrDescriptor)
    USBD_FS_SerialStrDescriptor              0x08002bcd   Thumb Code    48  usbd_desc.o(i.USBD_FS_SerialStrDescriptor)
    USBD_GetString                           0x08002ced   Thumb Code    72  usbd_ctlreq.o(i.USBD_GetString)
    USBD_Init                                0x08002d4d   Thumb Code    42  usbd_core.o(i.USBD_Init)
    USBD_LL_ClearStallEP                     0x08002d77   Thumb Code    18  usbd_conf.o(i.USBD_LL_ClearStallEP)
    USBD_LL_CloseEP                          0x08002d89   Thumb Code    18  usbd_conf.o(i.USBD_LL_CloseEP)
    USBD_LL_DataInStage                      0x08002d9b   Thumb Code   198  usbd_core.o(i.USBD_LL_DataInStage)
    USBD_LL_DataOutStage                     0x08002e61   Thumb Code   130  usbd_core.o(i.USBD_LL_DataOutStage)
    USBD_LL_GetRxDataSize                    0x08002ee3   Thumb Code     8  usbd_conf.o(i.USBD_LL_GetRxDataSize)
    USBD_LL_Init                             0x08002eed   Thumb Code   118  usbd_conf.o(i.USBD_LL_Init)
    USBD_LL_IsStallEP                        0x08002f6d   Thumb Code    32  usbd_conf.o(i.USBD_LL_IsStallEP)
    USBD_LL_OpenEP                           0x08002f8d   Thumb Code    24  usbd_conf.o(i.USBD_LL_OpenEP)
    USBD_LL_PrepareReceive                   0x08002fa5   Thumb Code    18  usbd_conf.o(i.USBD_LL_PrepareReceive)
    USBD_LL_Reset                            0x08002fb7   Thumb Code    80  usbd_core.o(i.USBD_LL_Reset)
    USBD_LL_Resume                           0x08003007   Thumb Code    20  usbd_core.o(i.USBD_LL_Resume)
    USBD_LL_SOF                              0x0800301b   Thumb Code    24  usbd_core.o(i.USBD_LL_SOF)
    USBD_LL_SetSpeed                         0x08003033   Thumb Code     6  usbd_core.o(i.USBD_LL_SetSpeed)
    USBD_LL_SetUSBAddress                    0x08003039   Thumb Code    18  usbd_conf.o(i.USBD_LL_SetUSBAddress)
    USBD_LL_SetupStage                       0x0800304b   Thumb Code    90  usbd_core.o(i.USBD_LL_SetupStage)
    USBD_LL_StallEP                          0x080030a5   Thumb Code    18  usbd_conf.o(i.USBD_LL_StallEP)
    USBD_LL_Start                            0x080030b7   Thumb Code    18  usbd_conf.o(i.USBD_LL_Start)
    USBD_LL_Suspend                          0x080030c9   Thumb Code    18  usbd_core.o(i.USBD_LL_Suspend)
    USBD_LL_Transmit                         0x080030db   Thumb Code    18  usbd_conf.o(i.USBD_LL_Transmit)
    USBD_ParseSetupRequest                   0x080030ed   Thumb Code    40  usbd_ctlreq.o(i.USBD_ParseSetupRequest)
    USBD_RegisterClass                       0x08003115   Thumb Code    16  usbd_core.o(i.USBD_RegisterClass)
    USBD_SetClassConfig                      0x08003125   Thumb Code    22  usbd_core.o(i.USBD_SetClassConfig)
    USBD_Start                               0x080031c1   Thumb Code    10  usbd_core.o(i.USBD_Start)
    USBD_StdDevReq                           0x080031cb   Thumb Code   274  usbd_ctlreq.o(i.USBD_StdDevReq)
    USBD_StdEPReq                            0x080032dd   Thumb Code   336  usbd_ctlreq.o(i.USBD_StdEPReq)
    USBD_StdItfReq                           0x0800342d   Thumb Code    78  usbd_ctlreq.o(i.USBD_StdItfReq)
    USBD_static_free                         0x0800347b   Thumb Code     2  usbd_conf.o(i.USBD_static_free)
    USBD_static_malloc                       0x0800347d   Thumb Code     4  usbd_conf.o(i.USBD_static_malloc)
    USB_ActivateEndpoint                     0x08003485   Thumb Code   600  stm32f1xx_ll_usb.o(i.USB_ActivateEndpoint)
    USB_CoreInit                             0x080036dd   Thumb Code     4  stm32f1xx_ll_usb.o(i.USB_CoreInit)
    USB_DeactivateEndpoint                   0x080036e1   Thumb Code   270  stm32f1xx_ll_usb.o(i.USB_DeactivateEndpoint)
    USB_DevConnect                           0x080037ef   Thumb Code     4  stm32f1xx_ll_usb.o(i.USB_DevConnect)
    USB_DevDisconnect                        0x080037f3   Thumb Code     4  stm32f1xx_ll_usb.o(i.USB_DevDisconnect)
    USB_DevInit                              0x080037f7   Thumb Code    18  stm32f1xx_ll_usb.o(i.USB_DevInit)
    USB_DisableGlobalInt                     0x08003809   Thumb Code    14  stm32f1xx_ll_usb.o(i.USB_DisableGlobalInt)
    USB_EP0_OutStart                         0x08003817   Thumb Code     4  stm32f1xx_ll_usb.o(i.USB_EP0_OutStart)
    USB_EPClearStall                         0x0800381b   Thumb Code   120  stm32f1xx_ll_usb.o(i.USB_EPClearStall)
    USB_EPSetStall                           0x08003893   Thumb Code    50  stm32f1xx_ll_usb.o(i.USB_EPSetStall)
    USB_EPStartXfer                          0x080038c5   Thumb Code  1230  stm32f1xx_ll_usb.o(i.USB_EPStartXfer)
    USB_EnableGlobalInt                      0x08003d93   Thumb Code    18  stm32f1xx_ll_usb.o(i.USB_EnableGlobalInt)
    USB_LP_CAN1_RX0_IRQHandler               0x08003da5   Thumb Code     6  stm32f1xx_it.o(i.USB_LP_CAN1_RX0_IRQHandler)
    USB_ReadInterrupts                       0x08003db1   Thumb Code     6  stm32f1xx_ll_usb.o(i.USB_ReadInterrupts)
    USB_ReadPMA                              0x08003db9   Thumb Code    44  stm32f1xx_ll_usb.o(i.USB_ReadPMA)
    USB_SetCurrentMode                       0x08003de5   Thumb Code     4  stm32f1xx_ll_usb.o(i.USB_SetCurrentMode)
    USB_SetDevAddress                        0x08003de9   Thumb Code    12  stm32f1xx_ll_usb.o(i.USB_SetDevAddress)
    USB_WritePMA                             0x08003df5   Thumb Code    38  stm32f1xx_ll_usb.o(i.USB_WritePMA)
    UsageFault_Handler                       0x08003e1b   Thumb Code     2  stm32f1xx_it.o(i.UsageFault_Handler)
    __0printf$1                              0x08003e1d   Thumb Code    22  printf1.o(i.__0printf$1)
    __1printf$1                              0x08003e1d   Thumb Code     0  printf1.o(i.__0printf$1)
    __2printf                                0x08003e1d   Thumb Code     0  printf1.o(i.__0printf$1)
    __scatterload_copy                       0x08003e5d   Thumb Code    14  handlers.o(i.__scatterload_copy)
    __scatterload_null                       0x08003e6b   Thumb Code     2  handlers.o(i.__scatterload_null)
    __scatterload_zeroinit                   0x08003e6d   Thumb Code    14  handlers.o(i.__scatterload_zeroinit)
    chassis_remote_control                   0x08003fd1   Thumb Code   246  bsp_motor.o(i.chassis_remote_control)
    delay_us                                 0x08004129   Thumb Code    24  bsp_ps2.o(i.delay_us)
    fputc                                    0x08004141   Thumb Code    20  bsp_usart.o(i.fputc)
    main                                     0x08004159   Thumb Code    76  main.o(i.main)
    map                                      0x080041a9   Thumb Code    60  bsp_motor.o(i.map)
    motor_move                               0x080041e5   Thumb Code   268  bsp_motor.o(i.motor_move)
    AHBPrescTable                            0x080042fc   Data          16  system_stm32f1xx.o(.constdata)
    APBPrescTable                            0x0800430c   Data           8  system_stm32f1xx.o(.constdata)
    Region$$Table$$Base                      0x08004314   Number         0  anon$$obj.o(Region$$Table)
    Region$$Table$$Limit                     0x08004334   Number         0  anon$$obj.o(Region$$Table)
    Comd                                     0x20000000   Data           2  bsp_ps2.o(.data)
    Handkey                                  0x20000002   Data           2  bsp_ps2.o(.data)
    MASK                                     0x20000004   Data          32  bsp_ps2.o(.data)
    key                                      0x20000024   Data           1  bsp_ps2.o(.data)
    RX                                       0x20000025   Data           1  bsp_ps2.o(.data)
    RY                                       0x20000026   Data           1  bsp_ps2.o(.data)
    LX                                       0x20000027   Data           1  bsp_ps2.o(.data)
    LY                                       0x20000028   Data           1  bsp_ps2.o(.data)
    FS_Desc                                  0x2000002c   Data          28  usbd_desc.o(.data)
    USBD_LangIDDesc                          0x20000048   Data           4  usbd_desc.o(.data)
    USBD_FS_DeviceDesc                       0x2000004c   Data          18  usbd_desc.o(.data)
    USBD_StringSerial                        0x20000060   Data          26  usbd_desc.o(.data)
    USBD_Interface_fops_FS                   0x2000007c   Data          16  usbd_cdc_if.o(.data)
    uwTickFreq                               0x2000008c   Data           1  stm32f1xx_hal.o(.data)
    uwTickPrio                               0x20000090   Data           4  stm32f1xx_hal.o(.data)
    uwTick                                   0x20000094   Data           4  stm32f1xx_hal.o(.data)
    SystemCoreClock                          0x20000098   Data           4  system_stm32f1xx.o(.data)
    USBD_CDC_CfgHSDesc                       0x200000ac   Data          67  usbd_cdc.o(.data)
    USBD_CDC_CfgFSDesc                       0x200000f0   Data          67  usbd_cdc.o(.data)
    USBD_CDC_OtherSpeedCfgDesc               0x20000134   Data          67  usbd_cdc.o(.data)
    USBD_CDC                                 0x20000178   Data          56  usbd_cdc.o(.data)
    __stdout                                 0x200001b0   Data           4  stdout.o(.data)
    htim2                                    0x200001b4   Data          72  tim.o(.bss)
    htim3                                    0x200001fc   Data          72  tim.o(.bss)
    huart1                                   0x20000244   Data          64  usart.o(.bss)
    Data                                     0x20000284   Data           9  bsp_ps2.o(.bss)
    hUsbDeviceFS                             0x20000290   Data         708  usb_device.o(.bss)
    USBD_StrDesc                             0x20000554   Data         512  usbd_desc.o(.bss)
    UserRxBufferFS                           0x20000754   Data        1000  usbd_cdc_if.o(.bss)
    UserTxBufferFS                           0x20000b3c   Data        1000  usbd_cdc_if.o(.bss)
    hpcd_USB_FS                              0x20001144   Data         748  usbd_conf.o(.bss)
    __initial_sp                             0x20001830   Data           0  startup_stm32f103xb.o(STACK)



==============================================================================

Memory Map of the image

  Image Entry point : 0x080000ed

  Load Region LR_IROM1 (Base: 0x08000000, Size: 0x000044e8, Max: 0x00010000, ABSOLUTE, COMPRESSED[0x00004414])

    Execution Region ER_IROM1 (Exec base: 0x08000000, Load base: 0x08000000, Size: 0x00004334, Max: 0x00010000, ABSOLUTE)

    Exec Addr    Load Addr    Size         Type   Attr      Idx    E Section Name        Object

    0x08000000   0x08000000   0x000000ec   Data   RO            3    RESET               startup_stm32f103xb.o
    0x080000ec   0x080000ec   0x00000000   Code   RO         4147  * .ARM.Collect$$$$00000000  mc_w.l(entry.o)
    0x080000ec   0x080000ec   0x00000004   Code   RO         4429    .ARM.Collect$$$$00000001  mc_w.l(entry2.o)
    0x080000f0   0x080000f0   0x00000004   Code   RO         4432    .ARM.Collect$$$$00000004  mc_w.l(entry5.o)
    0x080000f4   0x080000f4   0x00000000   Code   RO         4434    .ARM.Collect$$$$00000008  mc_w.l(entry7b.o)
    0x080000f4   0x080000f4   0x00000000   Code   RO         4436    .ARM.Collect$$$$0000000A  mc_w.l(entry8b.o)
    0x080000f4   0x080000f4   0x00000008   Code   RO         4437    .ARM.Collect$$$$0000000B  mc_w.l(entry9a.o)
    0x080000fc   0x080000fc   0x00000000   Code   RO         4439    .ARM.Collect$$$$0000000D  mc_w.l(entry10a.o)
    0x080000fc   0x080000fc   0x00000000   Code   RO         4441    .ARM.Collect$$$$0000000F  mc_w.l(entry11a.o)
    0x080000fc   0x080000fc   0x00000004   Code   RO         4430    .ARM.Collect$$$$00002712  mc_w.l(entry2.o)
    0x08000100   0x08000100   0x00000024   Code   RO            4    .text               startup_stm32f103xb.o
    0x08000124   0x08000124   0x00000024   Code   RO         4152    .text               mc_w.l(memcpya.o)
    0x08000148   0x08000148   0x00000024   Code   RO         4154    .text               mc_w.l(memseta.o)
    0x0800016c   0x0800016c   0x000000b0   Code   RO         4419    .text               mf_w.l(fadd.o)
    0x0800021c   0x0800021c   0x00000064   Code   RO         4421    .text               mf_w.l(fmul.o)
    0x08000280   0x08000280   0x0000007c   Code   RO         4423    .text               mf_w.l(fdiv.o)
    0x080002fc   0x080002fc   0x0000000a   Code   RO         4425    .text               mf_w.l(ffltui.o)
    0x08000306   0x08000306   0x00000032   Code   RO         4427    .text               mf_w.l(ffixi.o)
    0x08000338   0x08000338   0x0000002c   Code   RO         4444    .text               mc_w.l(uidiv.o)
    0x08000364   0x08000364   0x00000000   Code   RO         4448    .text               mc_w.l(iusefp.o)
    0x08000364   0x08000364   0x0000006e   Code   RO         4449    .text               mf_w.l(fepilogue.o)
    0x080003d2   0x080003d2   0x00000002   PAD
    0x080003d4   0x080003d4   0x00000024   Code   RO         4461    .text               mc_w.l(init.o)
    0x080003f8   0x080003f8   0x00000056   Code   RO         4477    .text               mc_w.l(__dczerorl2.o)
    0x0800044e   0x0800044e   0x00000002   Code   RO          307    i.BusFault_Handler  stm32f1xx_it.o
    0x08000450   0x08000450   0x00000004   Code   RO          721    i.CDC_Control_FS    usbd_cdc_if.o
    0x08000454   0x08000454   0x00000004   Code   RO          722    i.CDC_DeInit_FS     usbd_cdc_if.o
    0x08000458   0x08000458   0x00000024   Code   RO          723    i.CDC_Init_FS       usbd_cdc_if.o
    0x0800047c   0x0800047c   0x00000018   Code   RO          724    i.CDC_Receive_FS    usbd_cdc_if.o
    0x08000494   0x08000494   0x00000002   Code   RO          308    i.DebugMon_Handler  stm32f1xx_it.o
    0x08000496   0x08000496   0x00000002   Code   RO           13    i.Error_Handler     main.o
    0x08000498   0x08000498   0x00000024   Code   RO         1481    i.HAL_Delay         stm32f1xx_hal.o
    0x080004bc   0x080004bc   0x000001e0   Code   RO         1789    i.HAL_GPIO_Init     stm32f1xx_hal_gpio.o
    0x0800069c   0x0800069c   0x0000000a   Code   RO         1791    i.HAL_GPIO_ReadPin  stm32f1xx_hal_gpio.o
    0x080006a6   0x080006a6   0x0000000a   Code   RO         1793    i.HAL_GPIO_WritePin  stm32f1xx_hal_gpio.o
    0x080006b0   0x080006b0   0x0000000c   Code   RO         1485    i.HAL_GetTick       stm32f1xx_hal.o
    0x080006bc   0x080006bc   0x00000010   Code   RO         1491    i.HAL_IncTick       stm32f1xx_hal.o
    0x080006cc   0x080006cc   0x00000024   Code   RO         1492    i.HAL_Init          stm32f1xx_hal.o
    0x080006f0   0x080006f0   0x00000040   Code   RO         1493    i.HAL_InitTick      stm32f1xx_hal.o
    0x08000730   0x08000730   0x0000003c   Code   RO          389    i.HAL_MspInit       stm32f1xx_hal_msp.o
    0x0800076c   0x0800076c   0x0000001a   Code   RO         1949    i.HAL_NVIC_EnableIRQ  stm32f1xx_hal_cortex.o
    0x08000786   0x08000786   0x00000002   PAD
    0x08000788   0x08000788   0x00000040   Code   RO         1955    i.HAL_NVIC_SetPriority  stm32f1xx_hal_cortex.o
    0x080007c8   0x080007c8   0x00000024   Code   RO         1956    i.HAL_NVIC_SetPriorityGrouping  stm32f1xx_hal_cortex.o
    0x080007ec   0x080007ec   0x0000003c   Code   RO         1254    i.HAL_PCDEx_PMAConfig  stm32f1xx_hal_pcd_ex.o
    0x08000828   0x08000828   0x00000002   Code   RO          773    i.HAL_PCDEx_SetConnectionState  usbd_conf.o
    0x0800082a   0x0800082a   0x00000012   Code   RO          775    i.HAL_PCD_DataInStageCallback  usbd_conf.o
    0x0800083c   0x0800083c   0x00000014   Code   RO          776    i.HAL_PCD_DataOutStageCallback  usbd_conf.o
    0x08000850   0x08000850   0x0000004c   Code   RO         1030    i.HAL_PCD_EP_Close  stm32f1xx_hal_pcd.o
    0x0800089c   0x0800089c   0x0000005c   Code   RO         1031    i.HAL_PCD_EP_ClrStall  stm32f1xx_hal_pcd.o
    0x080008f8   0x080008f8   0x000000e6   Code   RO         1032    i.HAL_PCD_EP_DB_Receive  stm32f1xx_hal_pcd.o
    0x080009de   0x080009de   0x00000220   Code   RO         1033    i.HAL_PCD_EP_DB_Transmit  stm32f1xx_hal_pcd.o
    0x08000bfe   0x08000bfe   0x00000012   Code   RO         1035    i.HAL_PCD_EP_GetRxCount  stm32f1xx_hal_pcd.o
    0x08000c10   0x08000c10   0x00000060   Code   RO         1036    i.HAL_PCD_EP_Open   stm32f1xx_hal_pcd.o
    0x08000c70   0x08000c70   0x00000032   Code   RO         1037    i.HAL_PCD_EP_Receive  stm32f1xx_hal_pcd.o
    0x08000ca2   0x08000ca2   0x00000072   Code   RO         1038    i.HAL_PCD_EP_SetStall  stm32f1xx_hal_pcd.o
    0x08000d14   0x08000d14   0x00000034   Code   RO         1039    i.HAL_PCD_EP_Transmit  stm32f1xx_hal_pcd.o
    0x08000d48   0x08000d48   0x00000154   Code   RO         1041    i.HAL_PCD_IRQHandler  stm32f1xx_hal_pcd.o
    0x08000e9c   0x08000e9c   0x000000da   Code   RO         1044    i.HAL_PCD_Init      stm32f1xx_hal_pcd.o
    0x08000f76   0x08000f76   0x00000002   PAD
    0x08000f78   0x08000f78   0x0000003c   Code   RO          781    i.HAL_PCD_MspInit   usbd_conf.o
    0x08000fb4   0x08000fb4   0x00000026   Code   RO          782    i.HAL_PCD_ResetCallback  usbd_conf.o
    0x08000fda   0x08000fda   0x00000008   Code   RO          783    i.HAL_PCD_ResumeCallback  usbd_conf.o
    0x08000fe2   0x08000fe2   0x00000008   Code   RO          784    i.HAL_PCD_SOFCallback  usbd_conf.o
    0x08000fea   0x08000fea   0x00000028   Code   RO         1050    i.HAL_PCD_SetAddress  stm32f1xx_hal_pcd.o
    0x08001012   0x08001012   0x0000000e   Code   RO          785    i.HAL_PCD_SetupStageCallback  usbd_conf.o
    0x08001020   0x08001020   0x00000032   Code   RO         1052    i.HAL_PCD_Start     stm32f1xx_hal_pcd.o
    0x08001052   0x08001052   0x00000002   PAD
    0x08001054   0x08001054   0x00000024   Code   RO          786    i.HAL_PCD_SuspendCallback  usbd_conf.o
    0x08001078   0x08001078   0x000000ec   Code   RO         1752    i.HAL_RCCEx_PeriphCLKConfig  stm32f1xx_hal_rcc_ex.o
    0x08001164   0x08001164   0x0000012c   Code   RO         1649    i.HAL_RCC_ClockConfig  stm32f1xx_hal_rcc.o
    0x08001290   0x08001290   0x00000020   Code   RO         1656    i.HAL_RCC_GetPCLK1Freq  stm32f1xx_hal_rcc.o
    0x080012b0   0x080012b0   0x00000020   Code   RO         1657    i.HAL_RCC_GetPCLK2Freq  stm32f1xx_hal_rcc.o
    0x080012d0   0x080012d0   0x0000006c   Code   RO         1658    i.HAL_RCC_GetSysClockFreq  stm32f1xx_hal_rcc.o
    0x0800133c   0x0800133c   0x00000320   Code   RO         1661    i.HAL_RCC_OscConfig  stm32f1xx_hal_rcc.o
    0x0800165c   0x0800165c   0x00000028   Code   RO         1960    i.HAL_SYSTICK_Config  stm32f1xx_hal_cortex.o
    0x08001684   0x08001684   0x00000068   Code   RO         3174    i.HAL_TIMEx_MasterConfigSynchronization  stm32f1xx_hal_tim_ex.o
    0x080016ec   0x080016ec   0x00000090   Code   RO          211    i.HAL_TIM_MspPostInit  tim.o
    0x0800177c   0x0800177c   0x000000c6   Code   RO         2523    i.HAL_TIM_PWM_ConfigChannel  stm32f1xx_hal_tim.o
    0x08001842   0x08001842   0x0000005a   Code   RO         2526    i.HAL_TIM_PWM_Init  stm32f1xx_hal_tim.o
    0x0800189c   0x0800189c   0x0000003c   Code   RO          213    i.HAL_TIM_PWM_MspInit  tim.o
    0x080018d8   0x080018d8   0x0000009c   Code   RO         2531    i.HAL_TIM_PWM_Start  stm32f1xx_hal_tim.o
    0x08001974   0x08001974   0x00000062   Code   RO         3447    i.HAL_UART_Init     stm32f1xx_hal_uart.o
    0x080019d6   0x080019d6   0x00000002   PAD
    0x080019d8   0x080019d8   0x00000070   Code   RO          266    i.HAL_UART_MspInit  usart.o
    0x08001a48   0x08001a48   0x000000b2   Code   RO         3455    i.HAL_UART_Transmit  stm32f1xx_hal_uart.o
    0x08001afa   0x08001afa   0x00000002   Code   RO          309    i.HardFault_Handler  stm32f1xx_it.o
    0x08001afc   0x08001afc   0x00000038   Code   RO          635    i.IntToUnicode      usbd_desc.o
    0x08001b34   0x08001b34   0x000000e4   Code   RO          187    i.MX_GPIO_Init      gpio.o
    0x08001c18   0x08001c18   0x0000009c   Code   RO          214    i.MX_TIM2_Init      tim.o
    0x08001cb4   0x08001cb4   0x000000a4   Code   RO          215    i.MX_TIM3_Init      tim.o
    0x08001d58   0x08001d58   0x00000038   Code   RO          267    i.MX_USART1_UART_Init  usart.o
    0x08001d90   0x08001d90   0x00000054   Code   RO          587    i.MX_USB_DEVICE_Init  usb_device.o
    0x08001de4   0x08001de4   0x00000002   Code   RO          310    i.MemManage_Handler  stm32f1xx_it.o
    0x08001de6   0x08001de6   0x00000002   Code   RO          311    i.NMI_Handler       stm32f1xx_it.o
    0x08001de8   0x08001de8   0x000002fc   Code   RO         1056    i.PCD_EP_ISR_Handler  stm32f1xx_hal_pcd.o
    0x080020e4   0x080020e4   0x0000000c   Code   RO          413    i.PS2_AnologData    bsp_ps2.o
    0x080020f0   0x080020f0   0x00000018   Code   RO          414    i.PS2_ClearData     bsp_ps2.o
    0x08002108   0x08002108   0x00000090   Code   RO          415    i.PS2_Cmd           bsp_ps2.o
    0x08002198   0x08002198   0x00000040   Code   RO          416    i.PS2_DataKey       bsp_ps2.o
    0x080021d8   0x080021d8   0x00000064   Code   RO          417    i.PS2_EnterConfing  bsp_ps2.o
    0x0800223c   0x0800223c   0x00000064   Code   RO          418    i.PS2_ExitConfing   bsp_ps2.o
    0x080022a0   0x080022a0   0x000000c8   Code   RO          419    i.PS2_ReadData      bsp_ps2.o
    0x08002368   0x08002368   0x00000022   Code   RO          421    i.PS2_SetInit       bsp_ps2.o
    0x0800238a   0x0800238a   0x00000002   PAD
    0x0800238c   0x0800238c   0x0000004c   Code   RO          422    i.PS2_ShortPoll     bsp_ps2.o
    0x080023d8   0x080023d8   0x0000005c   Code   RO          423    i.PS2_TurnOnAnalogMode  bsp_ps2.o
    0x08002434   0x08002434   0x0000004c   Code   RO          425    i.PS2_VibrationMode  bsp_ps2.o
    0x08002480   0x08002480   0x00000002   Code   RO          312    i.PendSV_Handler    stm32f1xx_it.o
    0x08002482   0x08002482   0x00000002   Code   RO          313    i.SVC_Handler       stm32f1xx_it.o
    0x08002484   0x08002484   0x00000004   Code   RO          314    i.SysTick_Handler   stm32f1xx_it.o
    0x08002488   0x08002488   0x00000060   Code   RO           14    i.SystemClock_Config  main.o
    0x080024e8   0x080024e8   0x00000002   Code   RO         3744    i.SystemInit        system_stm32f1xx.o
    0x080024ea   0x080024ea   0x00000002   PAD
    0x080024ec   0x080024ec   0x0000006c   Code   RO         2544    i.TIM_Base_SetConfig  stm32f1xx_hal_tim.o
    0x08002558   0x08002558   0x0000001a   Code   RO         2545    i.TIM_CCxChannelCmd  stm32f1xx_hal_tim.o
    0x08002572   0x08002572   0x00000002   PAD
    0x08002574   0x08002574   0x00000050   Code   RO         2557    i.TIM_OC1_SetConfig  stm32f1xx_hal_tim.o
    0x080025c4   0x080025c4   0x00000058   Code   RO         2558    i.TIM_OC2_SetConfig  stm32f1xx_hal_tim.o
    0x0800261c   0x0800261c   0x00000058   Code   RO         2559    i.TIM_OC3_SetConfig  stm32f1xx_hal_tim.o
    0x08002674   0x08002674   0x00000044   Code   RO         2560    i.TIM_OC4_SetConfig  stm32f1xx_hal_tim.o
    0x080026b8   0x080026b8   0x000000b8   Code   RO         3473    i.UART_SetConfig    stm32f1xx_hal_uart.o
    0x08002770   0x08002770   0x00000064   Code   RO         3474    i.UART_WaitOnFlagUntilTimeout  stm32f1xx_hal_uart.o
    0x080027d4   0x080027d4   0x00000046   Code   RO         4044    i.USBD_CDC_DataIn   usbd_cdc.o
    0x0800281a   0x0800281a   0x0000002e   Code   RO         4045    i.USBD_CDC_DataOut  usbd_cdc.o
    0x08002848   0x08002848   0x00000044   Code   RO         4046    i.USBD_CDC_DeInit   usbd_cdc.o
    0x0800288c   0x0800288c   0x00000024   Code   RO         4047    i.USBD_CDC_EP0_RxReady  usbd_cdc.o
    0x080028b0   0x080028b0   0x0000000c   Code   RO         4048    i.USBD_CDC_GetDeviceQualifierDescriptor  usbd_cdc.o
    0x080028bc   0x080028bc   0x0000000c   Code   RO         4049    i.USBD_CDC_GetFSCfgDesc  usbd_cdc.o
    0x080028c8   0x080028c8   0x0000000c   Code   RO         4050    i.USBD_CDC_GetHSCfgDesc  usbd_cdc.o
    0x080028d4   0x080028d4   0x0000000c   Code   RO         4051    i.USBD_CDC_GetOtherSpeedCfgDesc  usbd_cdc.o
    0x080028e0   0x080028e0   0x00000094   Code   RO         4052    i.USBD_CDC_Init     usbd_cdc.o
    0x08002974   0x08002974   0x00000028   Code   RO         4053    i.USBD_CDC_ReceivePacket  usbd_cdc.o
    0x0800299c   0x0800299c   0x00000010   Code   RO         4054    i.USBD_CDC_RegisterInterface  usbd_cdc.o
    0x080029ac   0x080029ac   0x0000000c   Code   RO         4055    i.USBD_CDC_SetRxBuffer  usbd_cdc.o
    0x080029b8   0x080029b8   0x00000010   Code   RO         4056    i.USBD_CDC_SetTxBuffer  usbd_cdc.o
    0x080029c8   0x080029c8   0x000000ac   Code   RO         4057    i.USBD_CDC_Setup    usbd_cdc.o
    0x08002a74   0x08002a74   0x0000000e   Code   RO         3781    i.USBD_ClrClassConfig  usbd_core.o
    0x08002a82   0x08002a82   0x00000010   Code   RO         3984    i.USBD_CtlContinueRx  usbd_ioreq.o
    0x08002a92   0x08002a92   0x00000010   Code   RO         3985    i.USBD_CtlContinueSendData  usbd_ioreq.o
    0x08002aa2   0x08002aa2   0x00000016   Code   RO         3919    i.USBD_CtlError     usbd_ctlreq.o
    0x08002ab8   0x08002ab8   0x0000001e   Code   RO         3986    i.USBD_CtlPrepareRx  usbd_ioreq.o
    0x08002ad6   0x08002ad6   0x00000016   Code   RO         3987    i.USBD_CtlReceiveStatus  usbd_ioreq.o
    0x08002aec   0x08002aec   0x0000001a   Code   RO         3988    i.USBD_CtlSendData  usbd_ioreq.o
    0x08002b06   0x08002b06   0x00000016   Code   RO         3989    i.USBD_CtlSendStatus  usbd_ioreq.o
    0x08002b1c   0x08002b1c   0x00000020   Code   RO          636    i.USBD_FS_ConfigStrDescriptor  usbd_desc.o
    0x08002b3c   0x08002b3c   0x0000000c   Code   RO          637    i.USBD_FS_DeviceDescriptor  usbd_desc.o
    0x08002b48   0x08002b48   0x00000024   Code   RO          638    i.USBD_FS_InterfaceStrDescriptor  usbd_desc.o
    0x08002b6c   0x08002b6c   0x0000000c   Code   RO          639    i.USBD_FS_LangIDStrDescriptor  usbd_desc.o
    0x08002b78   0x08002b78   0x00000028   Code   RO          640    i.USBD_FS_ManufacturerStrDescriptor  usbd_desc.o
    0x08002ba0   0x08002ba0   0x0000002c   Code   RO          641    i.USBD_FS_ProductStrDescriptor  usbd_desc.o
    0x08002bcc   0x08002bcc   0x00000038   Code   RO          642    i.USBD_FS_SerialStrDescriptor  usbd_desc.o
    0x08002c04   0x08002c04   0x000000e8   Code   RO         3920    i.USBD_GetDescriptor  usbd_ctlreq.o
    0x08002cec   0x08002cec   0x00000048   Code   RO         3921    i.USBD_GetString    usbd_ctlreq.o
    0x08002d34   0x08002d34   0x00000018   Code   RO          787    i.USBD_Get_USB_Status  usbd_conf.o
    0x08002d4c   0x08002d4c   0x0000002a   Code   RO         3783    i.USBD_Init         usbd_core.o
    0x08002d76   0x08002d76   0x00000012   Code   RO          788    i.USBD_LL_ClearStallEP  usbd_conf.o
    0x08002d88   0x08002d88   0x00000012   Code   RO          789    i.USBD_LL_CloseEP   usbd_conf.o
    0x08002d9a   0x08002d9a   0x000000c6   Code   RO         3784    i.USBD_LL_DataInStage  usbd_core.o
    0x08002e60   0x08002e60   0x00000082   Code   RO         3785    i.USBD_LL_DataOutStage  usbd_core.o
    0x08002ee2   0x08002ee2   0x00000008   Code   RO          793    i.USBD_LL_GetRxDataSize  usbd_conf.o
    0x08002eea   0x08002eea   0x00000002   PAD
    0x08002eec   0x08002eec   0x00000080   Code   RO          794    i.USBD_LL_Init      usbd_conf.o
    0x08002f6c   0x08002f6c   0x00000020   Code   RO          795    i.USBD_LL_IsStallEP  usbd_conf.o
    0x08002f8c   0x08002f8c   0x00000018   Code   RO          796    i.USBD_LL_OpenEP    usbd_conf.o
    0x08002fa4   0x08002fa4   0x00000012   Code   RO          797    i.USBD_LL_PrepareReceive  usbd_conf.o
    0x08002fb6   0x08002fb6   0x00000050   Code   RO         3790    i.USBD_LL_Reset     usbd_core.o
    0x08003006   0x08003006   0x00000014   Code   RO         3791    i.USBD_LL_Resume    usbd_core.o
    0x0800301a   0x0800301a   0x00000018   Code   RO         3792    i.USBD_LL_SOF       usbd_core.o
    0x08003032   0x08003032   0x00000006   Code   RO         3793    i.USBD_LL_SetSpeed  usbd_core.o
    0x08003038   0x08003038   0x00000012   Code   RO          798    i.USBD_LL_SetUSBAddress  usbd_conf.o
    0x0800304a   0x0800304a   0x0000005a   Code   RO         3794    i.USBD_LL_SetupStage  usbd_core.o
    0x080030a4   0x080030a4   0x00000012   Code   RO          799    i.USBD_LL_StallEP   usbd_conf.o
    0x080030b6   0x080030b6   0x00000012   Code   RO          800    i.USBD_LL_Start     usbd_conf.o
    0x080030c8   0x080030c8   0x00000012   Code   RO         3795    i.USBD_LL_Suspend   usbd_core.o
    0x080030da   0x080030da   0x00000012   Code   RO          802    i.USBD_LL_Transmit  usbd_conf.o
    0x080030ec   0x080030ec   0x00000028   Code   RO         3922    i.USBD_ParseSetupRequest  usbd_ctlreq.o
    0x08003114   0x08003114   0x00000010   Code   RO         3796    i.USBD_RegisterClass  usbd_core.o
    0x08003124   0x08003124   0x00000016   Code   RO         3798    i.USBD_SetClassConfig  usbd_core.o
    0x0800313a   0x0800313a   0x00000002   PAD
    0x0800313c   0x0800313c   0x00000084   Code   RO         3923    i.USBD_SetConfig    usbd_ctlreq.o
    0x080031c0   0x080031c0   0x0000000a   Code   RO         3799    i.USBD_Start        usbd_core.o
    0x080031ca   0x080031ca   0x00000112   Code   RO         3924    i.USBD_StdDevReq    usbd_ctlreq.o
    0x080032dc   0x080032dc   0x00000150   Code   RO         3925    i.USBD_StdEPReq     usbd_ctlreq.o
    0x0800342c   0x0800342c   0x0000004e   Code   RO         3926    i.USBD_StdItfReq    usbd_ctlreq.o
    0x0800347a   0x0800347a   0x00000002   Code   RO          803    i.USBD_static_free  usbd_conf.o
    0x0800347c   0x0800347c   0x00000008   Code   RO          804    i.USBD_static_malloc  usbd_conf.o
    0x08003484   0x08003484   0x00000258   Code   RO         1294    i.USB_ActivateEndpoint  stm32f1xx_ll_usb.o
    0x080036dc   0x080036dc   0x00000004   Code   RO         1297    i.USB_CoreInit      stm32f1xx_ll_usb.o
    0x080036e0   0x080036e0   0x0000010e   Code   RO         1299    i.USB_DeactivateEndpoint  stm32f1xx_ll_usb.o
    0x080037ee   0x080037ee   0x00000004   Code   RO         1300    i.USB_DevConnect    stm32f1xx_ll_usb.o
    0x080037f2   0x080037f2   0x00000004   Code   RO         1301    i.USB_DevDisconnect  stm32f1xx_ll_usb.o
    0x080037f6   0x080037f6   0x00000012   Code   RO         1302    i.USB_DevInit       stm32f1xx_ll_usb.o
    0x08003808   0x08003808   0x0000000e   Code   RO         1303    i.USB_DisableGlobalInt  stm32f1xx_ll_usb.o
    0x08003816   0x08003816   0x00000004   Code   RO         1304    i.USB_EP0_OutStart  stm32f1xx_ll_usb.o
    0x0800381a   0x0800381a   0x00000078   Code   RO         1305    i.USB_EPClearStall  stm32f1xx_ll_usb.o
    0x08003892   0x08003892   0x00000032   Code   RO         1306    i.USB_EPSetStall    stm32f1xx_ll_usb.o
    0x080038c4   0x080038c4   0x000004ce   Code   RO         1307    i.USB_EPStartXfer   stm32f1xx_ll_usb.o
    0x08003d92   0x08003d92   0x00000012   Code   RO         1308    i.USB_EnableGlobalInt  stm32f1xx_ll_usb.o
    0x08003da4   0x08003da4   0x0000000c   Code   RO          315    i.USB_LP_CAN1_RX0_IRQHandler  stm32f1xx_it.o
    0x08003db0   0x08003db0   0x00000006   Code   RO         1315    i.USB_ReadInterrupts  stm32f1xx_ll_usb.o
    0x08003db6   0x08003db6   0x00000002   PAD
    0x08003db8   0x08003db8   0x0000002c   Code   RO         1316    i.USB_ReadPMA       stm32f1xx_ll_usb.o
    0x08003de4   0x08003de4   0x00000004   Code   RO         1317    i.USB_SetCurrentMode  stm32f1xx_ll_usb.o
    0x08003de8   0x08003de8   0x0000000c   Code   RO         1318    i.USB_SetDevAddress  stm32f1xx_ll_usb.o
    0x08003df4   0x08003df4   0x00000026   Code   RO         1320    i.USB_WritePMA      stm32f1xx_ll_usb.o
    0x08003e1a   0x08003e1a   0x00000002   Code   RO          316    i.UsageFault_Handler  stm32f1xx_it.o
    0x08003e1c   0x08003e1c   0x00000020   Code   RO         4203    i.__0printf$1       mc_w.l(printf1.o)
    0x08003e3c   0x08003e3c   0x00000020   Code   RO         1962    i.__NVIC_SetPriority  stm32f1xx_hal_cortex.o
    0x08003e5c   0x08003e5c   0x0000000e   Code   RO         4471    i.__scatterload_copy  mc_w.l(handlers.o)
    0x08003e6a   0x08003e6a   0x00000002   Code   RO         4472    i.__scatterload_null  mc_w.l(handlers.o)
    0x08003e6c   0x08003e6c   0x0000000e   Code   RO         4473    i.__scatterload_zeroinit  mc_w.l(handlers.o)
    0x08003e7a   0x08003e7a   0x00000002   PAD
    0x08003e7c   0x08003e7c   0x00000154   Code   RO         4210    i._printf_core      mc_w.l(printf1.o)
    0x08003fd0   0x08003fd0   0x00000158   Code   RO          527    i.chassis_remote_control  bsp_motor.o
    0x08004128   0x08004128   0x00000018   Code   RO          426    i.delay_us          bsp_ps2.o
    0x08004140   0x08004140   0x00000018   Code   RO          563    i.fputc             bsp_usart.o
    0x08004158   0x08004158   0x00000050   Code   RO           15    i.main              main.o
    0x080041a8   0x080041a8   0x0000003c   Code   RO          528    i.map               bsp_motor.o
    0x080041e4   0x080041e4   0x00000118   Code   RO          529    i.motor_move        bsp_motor.o
    0x080042fc   0x080042fc   0x00000010   Data   RO         3745    .constdata          system_stm32f1xx.o
    0x0800430c   0x0800430c   0x00000008   Data   RO         3746    .constdata          system_stm32f1xx.o
    0x08004314   0x08004314   0x00000020   Data   RO         4469    Region$$Table       anon$$obj.o


    Execution Region RW_IRAM1 (Exec base: 0x20000000, Load base: 0x08004334, Size: 0x00001830, Max: 0x00005000, ABSOLUTE, COMPRESSED[0x000000e0])

    Exec Addr    Load Addr    Size         Type   Attr      Idx    E Section Name        Object

    0x20000000   COMPRESSED   0x00000024   Data   RW          428    .data               bsp_ps2.o
    0x20000024   COMPRESSED   0x00000001   Data   RW          429    .data               bsp_ps2.o
    0x20000025   COMPRESSED   0x00000001   Data   RW          430    .data               bsp_ps2.o
    0x20000026   COMPRESSED   0x00000001   Data   RW          431    .data               bsp_ps2.o
    0x20000027   COMPRESSED   0x00000001   Data   RW          432    .data               bsp_ps2.o
    0x20000028   COMPRESSED   0x00000001   Data   RW          433    .data               bsp_ps2.o
    0x20000029   COMPRESSED   0x00000003   PAD
    0x2000002c   COMPRESSED   0x0000001c   Data   RW          644    .data               usbd_desc.o
    0x20000048   COMPRESSED   0x00000032   Data   RW          645    .data               usbd_desc.o
    0x2000007a   COMPRESSED   0x00000002   PAD
    0x2000007c   COMPRESSED   0x00000010   Data   RW          727    .data               usbd_cdc_if.o
    0x2000008c   COMPRESSED   0x0000000c   Data   RW         1499    .data               stm32f1xx_hal.o
    0x20000098   COMPRESSED   0x00000004   Data   RW         3747    .data               system_stm32f1xx.o
    0x2000009c   COMPRESSED   0x00000001   Data   RW         3927    .data               usbd_ctlreq.o
    0x2000009d   COMPRESSED   0x00000003   PAD
    0x200000a0   COMPRESSED   0x000000d7   Data   RW         4059    .data               usbd_cdc.o
    0x20000177   COMPRESSED   0x00000001   PAD
    0x20000178   COMPRESSED   0x00000038   Data   RW         4060    .data               usbd_cdc.o
    0x200001b0   COMPRESSED   0x00000004   Data   RW         4443    .data               mc_w.l(stdout.o)
    0x200001b4        -       0x00000090   Zero   RW          216    .bss                tim.o
    0x20000244        -       0x00000040   Zero   RW          268    .bss                usart.o
    0x20000284        -       0x00000009   Zero   RW          427    .bss                bsp_ps2.o
    0x2000028d   COMPRESSED   0x00000003   PAD
    0x20000290        -       0x000002c4   Zero   RW          588    .bss                usb_device.o
    0x20000554        -       0x00000200   Zero   RW          643    .bss                usbd_desc.o
    0x20000754        -       0x000007d0   Zero   RW          726    .bss                usbd_cdc_if.o
    0x20000f24        -       0x0000050c   Zero   RW          805    .bss                usbd_conf.o
    0x20001430        -       0x00000400   Zero   RW            1    STACK               startup_stm32f103xb.o


==============================================================================

Image component sizes


      Code (inc. data)   RO Data    RW Data    ZI Data      Debug   Object Name

       684        110          0          0          0       2236   bsp_motor.o
       946         72          0         41          9       7266   bsp_ps2.o
        24          4          0          0          0        496   bsp_usart.o
       228         16          0          0          0       1019   gpio.o
       178          4          0          0          0     444816   main.o
        36          8        236          0       1024        820   startup_stm32f103xb.o
       164         28          0         12          0       6029   stm32f1xx_hal.o
       198         14          0          0          0      29031   stm32f1xx_hal_cortex.o
       500         34          0          0          0       3583   stm32f1xx_hal_gpio.o
        60          8          0          0          0        902   stm32f1xx_hal_msp.o
      2684          0          0          0          0      13425   stm32f1xx_hal_pcd.o
        60          0          0          0          0       1206   stm32f1xx_hal_pcd_ex.o
      1272        100          0          0          0       5284   stm32f1xx_hal_rcc.o
       236         12          0          0          0       1412   stm32f1xx_hal_rcc_ex.o
       902         46          0          0          0       7978   stm32f1xx_hal_tim.o
       104         12          0          0          0       1356   stm32f1xx_hal_tim_ex.o
       560          6          0          0          0       4056   stm32f1xx_hal_uart.o
        32          6          0          0          0       4479   stm32f1xx_it.o
      2440          0          0          0          0      16299   stm32f1xx_ll_usb.o
         2          0         24          4          0       1167   system_stm32f1xx.o
       524         38          0          0        144       3184   tim.o
       168         20          0          0         64       1738   usart.o
        84         18          0          0        708       2591   usb_device.o
       672         16          0        271          0      12568   usbd_cdc.o
        68         16          0         16       2000       2706   usbd_cdc_if.o
       556         30          0          0       1292      14597   usbd_conf.o
       670          0          0          0          0       9687   usbd_core.o
      1186         28          0          1          0       8060   usbd_ctlreq.o
       288        104          0         78        512       6077   usbd_desc.o
       132          0          0          0          0       4436   usbd_ioreq.o

    ----------------------------------------------------------------------
     15678        750        292        432       5756     618504   Object Totals
         0          0         32          0          0          0   (incl. Generated)
        20          0          0          9          3          0   (incl. Padding)

    ----------------------------------------------------------------------

      Code (inc. data)   RO Data    RW Data    ZI Data      Debug   Library Member Name

        86          0          0          0          0          0   __dczerorl2.o
         0          0          0          0          0          0   entry.o
         0          0          0          0          0          0   entry10a.o
         0          0          0          0          0          0   entry11a.o
         8          4          0          0          0          0   entry2.o
         4          0          0          0          0          0   entry5.o
         0          0          0          0          0          0   entry7b.o
         0          0          0          0          0          0   entry8b.o
         8          4          0          0          0          0   entry9a.o
        30          0          0          0          0          0   handlers.o
        36          8          0          0          0         68   init.o
         0          0          0          0          0          0   iusefp.o
        36          0          0          0          0         68   memcpya.o
        36          0          0          0          0        108   memseta.o
       372         14          0          0          0        184   printf1.o
         0          0          0          4          0          0   stdout.o
        44          0          0          0          0         80   uidiv.o
       176          0          0          0          0        140   fadd.o
       124          0          0          0          0         88   fdiv.o
       110          0          0          0          0        168   fepilogue.o
        50          0          0          0          0         68   ffixi.o
        10          0          0          0          0         68   ffltui.o
       100          0          0          0          0         76   fmul.o

    ----------------------------------------------------------------------
      1234         30          0          4          0       1116   Library Totals
         4          0          0          0          0          0   (incl. Padding)

    ----------------------------------------------------------------------

      Code (inc. data)   RO Data    RW Data    ZI Data      Debug   Library Name

       660         30          0          4          0        508   mc_w.l
       570          0          0          0          0        608   mf_w.l

    ----------------------------------------------------------------------
      1234         30          0          4          0       1116   Library Totals

    ----------------------------------------------------------------------

==============================================================================


      Code (inc. data)   RO Data    RW Data    ZI Data      Debug   

     16912        780        292        436       5756     610232   Grand Totals
     16912        780        292        224       5756     610232   ELF Image Totals (compressed)
     16912        780        292        224          0          0   ROM Totals

==============================================================================

    Total RO  Size (Code + RO Data)                17204 (  16.80kB)
    Total RW  Size (RW Data + ZI Data)              6192 (   6.05kB)
    Total ROM Size (Code + RO Data + RW Data)      17428 (  17.02kB)

==============================================================================

